Component: ARM Compiler 5.06 update 1 (build 61) Tool: armlink [4d35a8]

==============================================================================

Section Cross References

    startup_stm32f40_41xxx.o(STACK) refers (Special) to heapauxi.o(.text) for __use_two_region_memory
    startup_stm32f40_41xxx.o(HEAP) refers (Special) to heapauxi.o(.text) for __use_two_region_memory
    startup_stm32f40_41xxx.o(RESET) refers (Special) to heapauxi.o(.text) for __use_two_region_memory
    startup_stm32f40_41xxx.o(RESET) refers to startup_stm32f40_41xxx.o(STACK) for __initial_sp
    startup_stm32f40_41xxx.o(RESET) refers to startup_stm32f40_41xxx.o(.text) for Reset_Handler
    startup_stm32f40_41xxx.o(RESET) refers to stm32f4xx_it.o(.text) for SysTick_Handler
    startup_stm32f40_41xxx.o(.text) refers (Special) to heapauxi.o(.text) for __use_two_region_memory
    startup_stm32f40_41xxx.o(.text) refers to system_stm32f4xx.o(.text) for SystemInit
    startup_stm32f40_41xxx.o(.text) refers to __main.o(!!!main) for __main
    startup_stm32f40_41xxx.o(.text) refers to startup_stm32f40_41xxx.o(HEAP) for Heap_Mem
    startup_stm32f40_41xxx.o(.text) refers to startup_stm32f40_41xxx.o(STACK) for Stack_Mem
    main.o(.text) refers to configuration.o(.text) for LED_DEBUG_Config
    main.o(.text) refers to util.o(.text) for DelayInit
    main.o(.text) refers to user_uart.o(.text) for usart_Ctrl_Init
    main.o(.text) refers to invkin.o(.text) for calculate_ForKin
    main.o(.text) refers to stm32f4xx_gpio.o(.text) for GPIO_SetBits
    main.o(.text) refers to h1_free.o(.text) for free
    main.o(.text) refers to f2d.o(x$fpl$f2d) for __aeabi_f2d
    main.o(.text) refers to user_uart.o(.bss) for USART2_Ctrl
    main.o(.text) refers to stm32f4xx_it.o(.bss) for jointSet
    main.o(.text) refers to system_stm32f4xx.o(.data) for SystemCoreClock
    main.o(.text) refers to stm32f4xx_it.o(.data) for GlobalCommand
    main.o(.text) refers to main.o(.data) for sqr_euclideDistance
    main.o(.text) refers to main.o(.constdata) for .constdata
    stm32f4xx_it.o(.text) refers to stm32f4xx_tim.o(.text) for TIM_GetITStatus
    stm32f4xx_it.o(.text) refers to stm32f4xx_gpio.o(.text) for GPIO_ToggleBits
    stm32f4xx_it.o(.text) refers to invkin.o(.text) for update_manual_desiredPosition
    stm32f4xx_it.o(.text) refers to controller.o(.text) for getUpdateMotorState
    stm32f4xx_it.o(.text) refers to stm32f4xx_usart.o(.text) for USART_GetITStatus
    stm32f4xx_it.o(.text) refers to user_uart.o(.text) for USART_RX_Handler
    stm32f4xx_it.o(.text) refers to stm32f4xx_it.o(.bss) for jointSet
    stm32f4xx_it.o(.text) refers to stm32f4xx_it.o(.data) for GlobalCommand
    stm32f4xx_it.o(.text) refers to user_uart.o(.data) for USART_STATUS
    stm32f4xx_it.o(.text) refers to user_uart.o(.bss) for USART2_Ctrl
    stm32f4xx_it.o(.text) refers to user_timing.o(.data) for msTicks
    system_stm32f4xx.o(.text) refers to system_stm32f4xx.o(.data) for SystemCoreClock
    stm32f4xx_gpio.o(.text) refers to stm32f4xx_rcc.o(.text) for RCC_AHB1PeriphResetCmd
    stm32f4xx_rcc.o(.text) refers to stm32f4xx_rcc.o(.data) for APBAHBPrescTable
    stm32f4xx_tim.o(.text) refers to stm32f4xx_rcc.o(.text) for RCC_APB2PeriphResetCmd
    stm32f4xx_dma2d.o(.text) refers to stm32f4xx_rcc.o(.text) for RCC_AHB1PeriphResetCmd
    stm32f4xx_syscfg.o(.text) refers to stm32f4xx_rcc.o(.text) for RCC_APB2PeriphResetCmd
    stm32f4xx_usart.o(.text) refers to stm32f4xx_rcc.o(.text) for RCC_APB2PeriphResetCmd
    stm32f4xx_wwdg.o(.text) refers to stm32f4xx_rcc.o(.text) for RCC_APB1PeriphResetCmd
    matrix.o(.text) refers to dmul.o(x$fpl$dmul) for __aeabi_dmul
    matrix.o(.text) refers to daddsub_clz.o(x$fpl$dadd) for __aeabi_dadd
    matrix.o(.text) refers to daddsub_clz.o(x$fpl$dsub) for __aeabi_dsub
    matrix.o(.text) refers to ddiv.o(x$fpl$ddiv) for __aeabi_ddiv
    controller.o(.text) refers to deqf.o(x$fpl$deqf) for __aeabi_cdcmpeq
    controller.o(.text) refers to ddiv.o(x$fpl$ddiv) for __aeabi_ddiv
    controller.o(.text) refers to dmul.o(x$fpl$dmul) for __aeabi_dmul
    controller.o(.text) refers to daddsub_clz.o(x$fpl$dsub) for __aeabi_dsub
    controller.o(.text) refers to fabs.o(i.__hardfp_fabs) for __hardfp_fabs
    controller.o(.text) refers to drleqf.o(x$fpl$drleqf) for __aeabi_cdrcmple
    controller.o(.text) refers to daddsub_clz.o(x$fpl$dadd) for __aeabi_dadd
    controller.o(.text) refers to dflt_clz.o(x$fpl$dfltu) for __aeabi_ui2d
    controller.o(.text) refers to daddsub_clz.o(x$fpl$drsb) for __aeabi_drsub
    controller.o(.text) refers to dleqf.o(x$fpl$dleqf) for __aeabi_cdcmple
    controller.o(.text) refers to controller.o(.data) for optSTATUS
    controller.o(.text) refers to stm32f4xx_it.o(.data) for msTicks_Ctrl
    controller.o(.text) refers to dfixu.o(x$fpl$dfixu) for __aeabi_d2uiz
    controller.o(.text) refers to dflt_clz.o(x$fpl$dflt) for __aeabi_i2d
    controller.o(.text) refers to stm32f4xx_gpio.o(.text) for GPIO_SetBits
[...]
    lamda                                    0x200001d8   Data           8  controller.o(.data)
    lamda_predict                            0x200001e0   Data           8  controller.o(.data)
    phiTPphi                                 0x200001e8   Data           8  controller.o(.data)
    epsilon                                  0x200001f0   Data           8  controller.o(.data)
    firstCall                                0x200001f8   Data           1  controller.o(.data)
    s0                                       0x20000200   Data           8  controller.o(.data)
    s1                                       0x20000208   Data           8  controller.o(.data)
    s2                                       0x20000210   Data           8  controller.o(.data)
    t0                                       0x20000218   Data           8  controller.o(.data)
    t1                                       0x20000220   Data           8  controller.o(.data)
    t2                                       0x20000228   Data           8  controller.o(.data)
    r1                                       0x20000230   Data           8  controller.o(.data)
    r2                                       0x20000238   Data           8  controller.o(.data)
    err_val                                  0x20000240   Data           8  controller.o(.data)
    lamda                                    0x20000248   Data           8  controller.o(.data)
    lamda_predict                            0x20000250   Data           8  controller.o(.data)
    phiTPphi                                 0x20000258   Data           8  controller.o(.data)
    epsilon                                  0x20000260   Data           8  controller.o(.data)
    firstCall                                0x20000268   Data           1  controller.o(.data)
    s0                                       0x20000270   Data           8  controller.o(.data)
    s1                                       0x20000278   Data           8  controller.o(.data)
    s2                                       0x20000280   Data           8  controller.o(.data)
    t0                                       0x20000288   Data           8  controller.o(.data)
    t1                                       0x20000290   Data           8  controller.o(.data)
    t2                                       0x20000298   Data           8  controller.o(.data)
    r1                                       0x200002a0   Data           8  controller.o(.data)
    r2                                       0x200002a8   Data           8  controller.o(.data)
    err_val                                  0x200002b0   Data           8  controller.o(.data)
    lamda                                    0x200002b8   Data           8  controller.o(.data)
    lamda_predict                            0x200002c0   Data           8  controller.o(.data)
    phiTPphi                                 0x200002c8   Data           8  controller.o(.data)
    epsilon                                  0x200002d0   Data           8  controller.o(.data)
    firstCall                                0x200002d8   Data           1  controller.o(.data)
    s0                                       0x200002e0   Data           8  controller.o(.data)
    s1                                       0x200002e8   Data           8  controller.o(.data)
    s2                                       0x200002f0   Data           8  controller.o(.data)
    t0                                       0x200002f8   Data           8  controller.o(.data)
    t1                                       0x20000300   Data           8  controller.o(.data)
    t2                                       0x20000308   Data           8  controller.o(.data)
    r1                                       0x20000310   Data           8  controller.o(.data)
    r2                                       0x20000318   Data           8  controller.o(.data)
    err_val                                  0x20000320   Data           8  controller.o(.data)
    lamda                                    0x20000328   Data           8  controller.o(.data)
    lamda_predict                            0x20000330   Data           8  controller.o(.data)
    phiTPphi                                 0x20000338   Data           8  controller.o(.data)
    epsilon                                  0x20000340   Data           8  controller.o(.data)
    firstCall                                0x20000348   Data           1  controller.o(.data)
    s0                                       0x20000350   Data           8  controller.o(.data)
    s1                                       0x20000358   Data           8  controller.o(.data)
    s2                                       0x20000360   Data           8  controller.o(.data)
    t0                                       0x20000368   Data           8  controller.o(.data)
    t1                                       0x20000370   Data           8  controller.o(.data)
    t2                                       0x20000378   Data           8  controller.o(.data)
    r1                                       0x20000380   Data           8  controller.o(.data)
    r2                                       0x20000388   Data           8  controller.o(.data)
    err_val                                  0x20000390   Data           8  controller.o(.data)
    lamda                                    0x20000398   Data           8  controller.o(.data)
    lamda_predict                            0x200003a0   Data           8  controller.o(.data)
    phiTPphi                                 0x200003a8   Data           8  controller.o(.data)
    epsilon                                  0x200003b0   Data           8  controller.o(.data)
    firstCall                                0x200003b8   Data           1  controller.o(.data)
    .data                                    0x200003ba   Section        2  user_uart.o(.data)
    .data                                    0x200003bc   Section        4  util.o(.data)
    DelayMultiplier                          0x200003bc   Data           4  util.o(.data)
    .data                                    0x200003c0   Section        4  user_timing.o(.data)
    .bss                                     0x200003c8   Section      656  stm32f4xx_it.o(.bss)
    .bss                                     0x20000658   Section    13560  controller.o(.bss)
    set_pos                                  0x20000658   Data          32  controller.o(.bss)
    out_val                                  0x20000678   Data          40  controller.o(.bss)
    mea_pos                                  0x200006a0   Data          40  controller.o(.bss)
    phi                                      0x200006c8   Data         288  controller.o(.bss)
    L                                        0x200007e8   Data         288  controller.o(.bss)
    phiT                                     0x20000908   Data         288  controller.o(.bss)
    temp                                     0x20000a28   Data         288  controller.o(.bss)
    temp2                                    0x20000b48   Data         288  controller.o(.bss)
    denominator                              0x20000c68   Data         288  controller.o(.bss)
    numerator                                0x20000d88   Data         288  controller.o(.bss)
    P                                        0x20000ea8   Data         288  controller.o(.bss)
    theta                                    0x20000fc8   Data         288  controller.o(.bss)
    set_pos                                  0x200010e8   Data          32  controller.o(.bss)
    out_val                                  0x20001108   Data          48  controller.o(.bss)
    mea_pos                                  0x20001138   Data          48  controller.o(.bss)
    phi                                      0x20001168   Data         288  controller.o(.bss)
    L                                        0x20001288   Data         288  controller.o(.bss)
    phiT                                     0x200013a8   Data         288  controller.o(.bss)
    temp                                     0x200014c8   Data         288  controller.o(.bss)
    temp2                                    0x200015e8   Data         288  controller.o(.bss)
    denominator                              0x20001708   Data         288  controller.o(.bss)
    numerator                                0x20001828   Data         288  controller.o(.bss)
    P                                        0x20001948   Data         288  controller.o(.bss)
    theta                                    0x20001a68   Data         288  controller.o(.bss)
    set_pos                                  0x20001b88   Data          40  controller.o(.bss)
    out_val                                  0x20001bb0   Data          48  controller.o(.bss)
    mea_pos                                  0x20001be0   Data          48  controller.o(.bss)
    phi                                      0x20001c10   Data         288  controller.o(.bss)
    L                                        0x20001d30   Data         288  controller.o(.bss)
    phiT                                     0x20001e50   Data         288  controller.o(.bss)
    temp                                     0x20001f70   Data         288  controller.o(.bss)
    temp2                                    0x20002090   Data         288  controller.o(.bss)
    denominator                              0x200021b0   Data         288  controller.o(.bss)
    numerator                                0x200022d0   Data         288  controller.o(.bss)
    P                                        0x200023f0   Data         288  controller.o(.bss)
    theta                                    0x20002510   Data         288  controller.o(.bss)
    set_pos                                  0x20002630   Data          32  controller.o(.bss)
    out_val                                  0x20002650   Data          40  controller.o(.bss)
    mea_pos                                  0x20002678   Data          40  controller.o(.bss)
    phi                                      0x200026a0   Data         288  controller.o(.bss)
    L                                        0x200027c0   Data         288  controller.o(.bss)
    phiT                                     0x200028e0   Data         288  controller.o(.bss)
    temp                                     0x20002a00   Data         288  controller.o(.bss)
    temp2                                    0x20002b20   Data         288  controller.o(.bss)
    denominator                              0x20002c40   Data         288  controller.o(.bss)
    numerator                                0x20002d60   Data         288  controller.o(.bss)
    P                                        0x20002e80   Data         288  controller.o(.bss)
    theta                                    0x20002fa0   Data         288  controller.o(.bss)
    set_pos                                  0x200030c0   Data          32  controller.o(.bss)
    out_val                                  0x200030e0   Data          40  controller.o(.bss)
    mea_pos                                  0x20003108   Data          40  controller.o(.bss)
    phi                                      0x20003130   Data         288  controller.o(.bss)
    L                                        0x20003250   Data         288  controller.o(.bss)
    phiT                                     0x20003370   Data         288  controller.o(.bss)
    temp                                     0x20003490   Data         288  controller.o(.bss)
    temp2                                    0x200035b0   Data         288  controller.o(.bss)
    denominator                              0x200036d0   Data         288  controller.o(.bss)
    numerator                                0x200037f0   Data         288  controller.o(.bss)
    P                                        0x20003910   Data         288  controller.o(.bss)
    theta                                    0x20003a30   Data         288  controller.o(.bss)
    .bss                                     0x20003b50   Section      148  user_uart.o(.bss)
    .bss                                     0x20003be4   Section       96  libspace.o(.bss)
    HEAP                                     0x20003c48   Section      512  startup_stm32f40_41xxx.o(HEAP)
    Heap_Mem                                 0x20003c48   Data         512  startup_stm32f40_41xxx.o(HEAP)
    STACK                                    0x20003e48   Section     1024  startup_stm32f40_41xxx.o(STACK)
    Stack_Mem                                0x20003e48   Data        1024  startup_stm32f40_41xxx.o(STACK)
    __initial_sp                             0x20004248   Data           0  startup_stm32f40_41xxx.o(STACK)

    Global Symbols

    Symbol Name                              Value     Ov Type        Size  Object(Section)

    BuildAttributes$$THM_ISAv4$E$P$D$K$B$S$7EM$VFPi3$EXTD16$VFPS$VFMA$PE$A:L22UL41UL21$X:L11$S22US41US21$IEEE1$IW$USESV6$~STKCKD$USESV7$~SHL$OTIME$ROPI$IEEEX$EBA8$UX$STANDARDLIB$REQ8$PRES8$EABIv2 0x00000000   Number         0  anon$$obj.o ABSOLUTE
    __ARM_use_no_argv                        0x00000000   Number         0  main.o ABSOLUTE
    __ARM_exceptions_init                     - Undefined Weak Reference
    __alloca_initialize                       - Undefined Weak Reference
    __arm_preinit_                            - Undefined Weak Reference
    __cpp_initialize__aeabi_                  - Undefined Weak Reference
    __cxa_finalize                            - Undefined Weak Reference
    __rt_locale                               - Undefined Weak Reference
    __sigvec_lookup                           - Undefined Weak Reference
    __user_heap_extent                        - Undefined Weak Reference
    _atexit_init                              - Undefined Weak Reference
    _call_atexit_fns                          - Undefined Weak Reference
    _clock_init                               - Undefined Weak Reference
    _fp_trap_init                             - Undefined Weak Reference
    _fp_trap_shutdown                         - Undefined Weak Reference
    _get_lc_collate                           - Undefined Weak Reference
    _get_lc_ctype                             - Undefined Weak Reference
    _get_lc_monetary                          - Undefined Weak Reference
    _get_lc_numeric                           - Undefined Weak Reference
    _get_lc_time                              - Undefined Weak Reference
    _getenv_init                              - Undefined Weak Reference
    _handle_redirection                       - Undefined Weak Reference
    _initio                                   - Undefined Weak Reference
    _mutex_acquire                            - Undefined Weak Reference
    _mutex_free                               - Undefined Weak Reference
    _mutex_release                            - Undefined Weak Reference
    _rand_init                                - Undefined Weak Reference
    _signal_finish                            - Undefined Weak Reference
    _signal_init                              - Undefined Weak Reference
    _terminateio                              - Undefined Weak Reference
    __Vectors_Size                           0x00000188   Number         0  startup_stm32f40_41xxx.o ABSOLUTE
    __Vectors                                0x08000000   Data           4  startup_stm32f40_41xxx.o(RESET)
    __Vectors_End                            0x08000188   Data           0  startup_stm32f40_41xxx.o(RESET)
    __main                                   0x08000189   Thumb Code     8  __main.o(!!!main)
    __scatterload                            0x08000191   Thumb Code     0  __scatter.o(!!!scatter)
    __scatterload_rt2                        0x08000191   Thumb Code    44  __scatter.o(!!!scatter)
    __scatterload_rt2_thumb_only             0x08000191   Thumb Code     0  __scatter.o(!!!scatter)
    __scatterload_null                       0x0800019f   Thumb Code     0  __scatter.o(!!!scatter)
    __decompress                             0x080001c5   Thumb Code    90  __dczerorl2.o(!!dczerorl2)
    __decompress1                            0x080001c5   Thumb Code     0  __dczerorl2.o(!!dczerorl2)
    __scatterload_zeroinit                   0x08000221   Thumb Code    28  __scatter_zi.o(!!handler_zi)
    __rt_lib_init                            0x0800023d   Thumb Code     0  libinit.o(.ARM.Collect$$libinit$$00000000)
    __rt_lib_init_fp_1                       0x0800023f   Thumb Code     0  libinit2.o(.ARM.Collect$$libinit$$00000001)
    __rt_lib_init_heap_2                     0x08000243   Thumb Code     0  libinit2.o(.ARM.Collect$$libinit$$00000005)
    __rt_lib_init_preinit_1                  0x08000243   Thumb Code     0  libinit2.o(.ARM.Collect$$libinit$$00000004)
    __rt_lib_init_alloca_1                   0x0800024b   Thumb Code     0  libinit2.o(.ARM.Collect$$libinit$$0000002E)
    __rt_lib_init_argv_1                     0x0800024b   Thumb Code     0  libinit2.o(.ARM.Collect$$libinit$$0000002C)
    __rt_lib_init_atexit_1                   0x0800024b   Thumb Code     0  libinit2.o(.ARM.Collect$$libinit$$0000001B)
    __rt_lib_init_clock_1                    0x0800024b   Thumb Code     0  libinit2.o(.ARM.Collect$$libinit$$00000021)
    __rt_lib_init_cpp_1                      0x0800024b   Thumb Code     0  libinit2.o(.ARM.Collect$$libinit$$00000032)
    __rt_lib_init_exceptions_1               0x0800024b   Thumb Code     0  libinit2.o(.ARM.Collect$$libinit$$00000030)
    __rt_lib_init_fp_trap_1                  0x0800024b   Thumb Code     0  libinit2.o(.ARM.Collect$$libinit$$0000001F)
    __rt_lib_init_getenv_1                   0x0800024b   Thumb Code     0  libinit2.o(.ARM.Collect$$libinit$$00000023)
    __rt_lib_init_heap_1                     0x0800024b   Thumb Code     0  libinit2.o(.ARM.Collect$$libinit$$0000000A)
    __rt_lib_init_lc_collate_1               0x0800024b   Thumb Code     0  libinit2.o(.ARM.Collect$$libinit$$00000011)
    __rt_lib_init_lc_ctype_1                 0x0800024b   Thumb Code     0  libinit2.o(.ARM.Collect$$libinit$$00000013)
    __rt_lib_init_lc_monetary_1              0x0800024b   Thumb Code     0  libinit2.o(.ARM.Collect$$libinit$$00000015)
    __rt_lib_init_lc_numeric_1               0x0800024b   Thumb Code     0  libinit2.o(.ARM.Collect$$libinit$$00000017)
    __rt_lib_init_lc_time_1                  0x0800024b   Thumb Code     0  libinit2.o(.ARM.Collect$$libinit$$00000019)
    __rt_lib_init_rand_1                     0x0800024b   Thumb Code     0  libinit2.o(.ARM.Collect$$libinit$$0000000E)
    __rt_lib_init_return                     0x0800024b   Thumb Code     0  libinit2.o(.ARM.Collect$$libinit$$00000033)
    __rt_lib_init_signal_1                   0x0800024b   Thumb Code     0  libinit2.o(.ARM.Collect$$libinit$$0000001D)
    __rt_lib_init_stdio_1                    0x0800024b   Thumb Code     0  libinit2.o(.ARM.Collect$$libinit$$00000025)
    __rt_lib_init_user_alloc_1               0x0800024b   Thumb Code     0  libinit2.o(.ARM.Collect$$libinit$$0000000C)
    __rt_lib_shutdown                        0x0800024d   Thumb Code     0  libshutdown.o(.ARM.Collect$$libshutdown$$00000000)
    __rt_lib_shutdown_cpp_1                  0x0800024f   Thumb Code     0  libshutdown2.o(.ARM.Collect$$libshutdown$$00000002)
    __rt_lib_shutdown_fp_trap_1              0x0800024f   Thumb Code     0  libshutdown2.o(.ARM.Collect$$libshutdown$$00000007)
    __rt_lib_shutdown_heap_1                 0x0800024f   Thumb Code     0  libshutdown2.o(.ARM.Collect$$libshutdown$$0000000F)
    __rt_lib_shutdown_return                 0x0800024f   Thumb Code     0  libshutdown2.o(.ARM.Collect$$libshutdown$$00000010)
    __rt_lib_shutdown_signal_1               0x0800024f   Thumb Code     0  libshutdown2.o(.ARM.Collect$$libshutdown$$0000000A)
    __rt_lib_shutdown_stdio_1                0x0800024f   Thumb Code     0  libshutdown2.o(.ARM.Collect$$libshutdown$$00000004)
    __rt_lib_shutdown_user_alloc_1           0x0800024f   Thumb Code     0  libshutdown2.o(.ARM.Collect$$libshutdown$$0000000C)
    __rt_entry                               0x08000251   Thumb Code     0  __rtentry.o(.ARM.Collect$$rtentry$$00000000)
    __rt_entry_presh_1                       0x08000251   Thumb Code     0  __rtentry2.o(.ARM.Collect$$rtentry$$00000002)
    __rt_entry_sh                            0x08000251   Thumb Code     0  __rtentry4.o(.ARM.Collect$$rtentry$$00000004)
    __rt_entry_li                            0x08000257   Thumb Code     0  __rtentry2.o(.ARM.Collect$$rtentry$$0000000A)
    __rt_entry_postsh_1                      0x08000257   Thumb Code     0  __rtentry2.o(.ARM.Collect$$rtentry$$00000009)
    __rt_entry_main                          0x0800025b   Thumb Code     0  __rtentry2.o(.ARM.Collect$$rtentry$$0000000D)
    __rt_entry_postli_1                      0x0800025b   Thumb Code     0  __rtentry2.o(.ARM.Collect$$rtentry$$0000000C)
    __rt_exit                                0x08000263   Thumb Code     0  rtexit.o(.ARM.Collect$$rtexit$$00000000)
    __rt_exit_ls                             0x08000265   Thumb Code     0  rtexit2.o(.ARM.Collect$$rtexit$$00000003)
    __rt_exit_prels_1                        0x08000265   Thumb Code     0  rtexit2.o(.ARM.Collect$$rtexit$$00000002)
    __rt_exit_exit                           0x08000269   Thumb Code     0  rtexit2.o(.ARM.Collect$$rtexit$$00000004)
    Reset_Handler                            0x08000271   Thumb Code     8  startup_stm32f40_41xxx.o(.text)
    _maybe_terminate_alloc                   0x08000271   Thumb Code     0  maybetermalloc1.o(.emb_text)
    NMI_Handler                              0x08000279   Thumb Code     2  startup_stm32f40_41xxx.o(.text)
    HardFault_Handler                        0x0800027b   Thumb Code     2  startup_stm32f40_41xxx.o(.text)
    MemManage_Handler                        0x0800027d   Thumb Code     2  startup_stm32f40_41xxx.o(.text)
    BusFault_Handler                         0x0800027f   Thumb Code     2  startup_stm32f40_41xxx.o(.text)
    UsageFault_Handler                       0x08000281   Thumb Code     2  startup_stm32f40_41xxx.o(.text)
    SVC_Handler                              0x08000283   Thumb Code     2  startup_stm32f40_41xxx.o(.text)
    DebugMon_Handler                         0x08000285   Thumb Code     2  startup_stm32f40_41xxx.o(.text)
    PendSV_Handler                           0x08000287   Thumb Code     2  startup_stm32f40_41xxx.o(.text)
    ADC_IRQHandler                           0x0800028b   Thumb Code     0  startup_stm32f40_41xxx.o(.text)
    CAN1_RX0_IRQHandler                      0x0800028b   Thumb Code     0  startup_stm32f40_41xxx.o(.text)
    CAN1_RX1_IRQHandler                      0x0800028b   Thumb Code     0  startup_stm32f40_41xxx.o(.text)
    CAN1_SCE_IRQHandler                      0x0800028b   Thumb Code     0  startup_stm32f40_41xxx.o(.text)
    CAN1_TX_IRQHandler                       0x0800028b   Thumb Code     0  startup_stm32f40_41xxx.o(.text)
    CAN2_RX0_IRQHandler                      0x0800028b   Thumb Code     0  startup_stm32f40_41xxx.o(.text)
    CAN2_RX1_IRQHandler                      0x0800028b   Thumb Code     0  startup_stm32f40_41xxx.o(.text)
    CAN2_SCE_IRQHandler                      0x0800028b   Thumb Code     0  startup_stm32f40_41xxx.o(.text)
    CAN2_TX_IRQHandler                       0x0800028b   Thumb Code     0  startup_stm32f40_41xxx.o(.text)
    CRYP_IRQHandler                          0x0800028b   Thumb Code     0  startup_stm32f40_41xxx.o(.text)
    DCMI_IRQHandler                          0x0800028b   Thumb Code     0  startup_stm32f40_41xxx.o(.text)
    DMA1_Stream0_IRQHandler                  0x0800028b   Thumb Code     0  startup_stm32f40_41xxx.o(.text)
    DMA1_Stream1_IRQHandler                  0x0800028b   Thumb Code     0  startup_stm32f40_41xxx.o(.text)
    DMA1_Stream2_IRQHandler                  0x0800028b   Thumb Code     0  startup_stm32f40_41xxx.o(.text)
    DMA1_Stream3_IRQHandler                  0x0800028b   Thumb Code     0  startup_stm32f40_41xxx.o(.text)
    DMA1_Stream4_IRQHandler                  0x0800028b   Thumb Code     0  startup_stm32f40_41xxx.o(.text)
    DMA1_Stream5_IRQHandler                  0x0800028b   Thumb Code     0  startup_stm32f40_41xxx.o(.text)
    DMA1_Stream6_IRQHandler                  0x0800028b   Thumb Code     0  startup_stm32f40_41xxx.o(.text)
    DMA1_Stream7_IRQHandler                  0x0800028b   Thumb Code     0  startup_stm32f40_41xxx.o(.text)
    DMA2_Stream0_IRQHandler                  0x0800028b   Thumb Code     0  startup_stm32f40_41xxx.o(.text)
    DMA2_Stream1_IRQHandler                  0x0800028b   Thumb Code     0  startup_stm32f40_41xxx.o(.text)
    DMA2_Stream2_IRQHandler                  0x0800028b   Thumb Code     0  startup_stm32f40_41xxx.o(.text)
    DMA2_Stream3_IRQHandler                  0x0800028b   Thumb Code     0  startup_stm32f40_41xxx.o(.text)
    DMA2_Stream4_IRQHandler                  0x0800028b   Thumb Code     0  startup_stm32f40_41xxx.o(.text)
    DMA2_Stream5_IRQHandler                  0x0800028b   Thumb Code     0  startup_stm32f40_41xxx.o(.text)
    DMA2_Stream6_IRQHandler                  0x0800028b   Thumb Code     0  startup_stm32f40_41xxx.o(.text)
    DMA2_Stream7_IRQHandler                  0x0800028b   Thumb Code     0  startup_stm32f40_41xxx.o(.text)
    ETH_IRQHandler                           0x0800028b   Thumb Code     0  startup_stm32f40_41xxx.o(.text)
    ETH_WKUP_IRQHandler                      0x0800028b   Thumb Code     0  startup_stm32f40_41xxx.o(.text)
    EXTI0_IRQHandler                         0x0800028b   Thumb Code     0  startup_stm32f40_41xxx.o(.text)
    EXTI15_10_IRQHandler                     0x0800028b   Thumb Code     0  startup_stm32f40_41xxx.o(.text)
    EXTI1_IRQHandler                         0x0800028b   Thumb Code     0  startup_stm32f40_41xxx.o(.text)
    EXTI2_IRQHandler                         0x0800028b   Thumb Code     0  startup_stm32f40_41xxx.o(.text)
    EXTI3_IRQHandler                         0x0800028b   Thumb Code     0  startup_stm32f40_41xxx.o(.text)
    EXTI4_IRQHandler                         0x0800028b   Thumb Code     0  startup_stm32f40_41xxx.o(.text)
    EXTI9_5_IRQHandler                       0x0800028b   Thumb Code     0  startup_stm32f40_41xxx.o(.text)
    FLASH_IRQHandler                         0x0800028b   Thumb Code     0  startup_stm32f40_41xxx.o(.text)
    FPU_IRQHandler                           0x0800028b   Thumb Code     0  startup_stm32f40_41xxx.o(.text)
    FSMC_IRQHandler                          0x0800028b   Thumb Code     0  startup_stm32f40_41xxx.o(.text)
    HASH_RNG_IRQHandler                      0x0800028b   Thumb Code     0  startup_stm32f40_41xxx.o(.text)
    I2C1_ER_IRQHandler                       0x0800028b   Thumb Code     0  startup_stm32f40_41xxx.o(.text)
    I2C1_EV_IRQHandler                       0x0800028b   Thumb Code     0  startup_stm32f40_41xxx.o(.text)
    I2C2_ER_IRQHandler                       0x0800028b   Thumb Code     0  startup_stm32f40_41xxx.o(.text)
    I2C2_EV_IRQHandler                       0x0800028b   Thumb Code     0  startup_stm32f40_41xxx.o(.text)
    I2C3_ER_IRQHandler                       0x0800028b   Thumb Code     0  startup_stm32f40_41xxx.o(.text)
    I2C3_EV_IRQHandler                       0x0800028b   Thumb Code     0  startup_stm32f40_41xxx.o(.text)
    OTG_FS_IRQHandler                        0x0800028b   Thumb Code     0  startup_stm32f40_41xxx.o(.text)
    OTG_FS_WKUP_IRQHandler                   0x0800028b   Thumb Code     0  startup_stm32f40_41xxx.o(.text)
    OTG_HS_EP1_IN_IRQHandler                 0x0800028b   Thumb Code     0  startup_stm32f40_41xxx.o(.text)
    OTG_HS_EP1_OUT_IRQHandler                0x0800028b   Thumb Code     0  startup_stm32f40_41xxx.o(.text)
    OTG_HS_IRQHandler                        0x0800028b   Thumb Code     0  startup_stm32f40_41xxx.o(.text)
    OTG_HS_WKUP_IRQHandler                   0x0800028b   Thumb Code     0  startup_stm32f40_41xxx.o(.text)
    PVD_IRQHandler                           0x0800028b   Thumb Code     0  startup_stm32f40_41xxx.o(.text)
    RCC_IRQHandler                           0x0800028b   Thumb Code     0  startup_stm32f40_41xxx.o(.text)
    RTC_Alarm_IRQHandler                     0x0800028b   Thumb Code     0  startup_stm32f40_41xxx.o(.text)
    RTC_WKUP_IRQHandler                      0x0800028b   Thumb Code     0  startup_stm32f40_41xxx.o(.text)
    SDIO_IRQHandler                          0x0800028b   Thumb Code     0  startup_stm32f40_41xxx.o(.text)
    SPI1_IRQHandler                          0x0800028b   Thumb Code     0  startup_stm32f40_41xxx.o(.text)
    SPI2_IRQHandler                          0x0800028b   Thumb Code     0  startup_stm32f40_41xxx.o(.text)
    SPI3_IRQHandler                          0x0800028b   Thumb Code     0  startup_stm32f40_41xxx.o(.text)
    TAMP_STAMP_IRQHandler                    0x0800028b   Thumb Code     0  startup_stm32f40_41xxx.o(.text)
    TIM1_BRK_TIM9_IRQHandler                 0x0800028b   Thumb Code     0  startup_stm32f40_41xxx.o(.text)
    TIM1_CC_IRQHandler                       0x0800028b   Thumb Code     0  startup_stm32f40_41xxx.o(.text)
    TIM1_TRG_COM_TIM11_IRQHandler            0x0800028b   Thumb Code     0  startup_stm32f40_41xxx.o(.text)
    TIM1_UP_TIM10_IRQHandler                 0x0800028b   Thumb Code     0  startup_stm32f40_41xxx.o(.text)
    TIM2_IRQHandler                          0x0800028b   Thumb Code     0  startup_stm32f40_41xxx.o(.text)
    TIM3_IRQHandler                          0x0800028b   Thumb Code     0  startup_stm32f40_41xxx.o(.text)
    TIM4_IRQHandler                          0x0800028b   Thumb Code     0  startup_stm32f40_41xxx.o(.text)
    TIM5_IRQHandler                          0x0800028b   Thumb Code     0  startup_stm32f40_41xxx.o(.text)
    TIM6_DAC_IRQHandler                      0x0800028b   Thumb Code     0  startup_stm32f40_41xxx.o(.text)
    TIM8_BRK_TIM12_IRQHandler                0x0800028b   Thumb Code     0  startup_stm32f40_41xxx.o(.text)
    TIM8_CC_IRQHandler                       0x0800028b   Thumb Code     0  startup_stm32f40_41xxx.o(.text)
    TIM8_TRG_COM_TIM14_IRQHandler            0x0800028b   Thumb Code     0  startup_stm32f40_41xxx.o(.text)
    TIM8_UP_TIM13_IRQHandler                 0x0800028b   Thumb Code     0  startup_stm32f40_41xxx.o(.text)
    UART4_IRQHandler                         0x0800028b   Thumb Code     0  startup_stm32f40_41xxx.o(.text)
    UART5_IRQHandler                         0x0800028b   Thumb Code     0  startup_stm32f40_41xxx.o(.text)
    USART1_IRQHandler                        0x0800028b   Thumb Code     0  startup_stm32f40_41xxx.o(.text)
    USART3_IRQHandler                        0x0800028b   Thumb Code     0  startup_stm32f40_41xxx.o(.text)
    USART6_IRQHandler                        0x0800028b   Thumb Code     0  startup_stm32f40_41xxx.o(.text)
    WWDG_IRQHandler                          0x0800028b   Thumb Code     0  startup_stm32f40_41xxx.o(.text)
    __user_initial_stackheap                 0x0800028d   Thumb Code     0  startup_stm32f40_41xxx.o(.text)
    main                                     0x080002b1   Thumb Code   688  main.o(.text)
    TIM7_IRQHandler                          0x080005a9   Thumb Code   328  stm32f4xx_it.o(.text)
    USART2_IRQHandler                        0x080006f1   Thumb Code    60  stm32f4xx_it.o(.text)
    SysTick_Handler                          0x0800072d   Thumb Code    34  stm32f4xx_it.o(.text)
    SystemInit                               0x080008b5   Thumb Code    88  system_stm32f4xx.o(.text)
    SystemCoreClockUpdate                    0x0800090d   Thumb Code   174  system_stm32f4xx.o(.text)
    GPIO_DeInit                              0x080009e9   Thumb Code   268  stm32f4xx_gpio.o(.text)
    GPIO_Init                                0x08000af5   Thumb Code   144  stm32f4xx_gpio.o(.text)
    GPIO_StructInit                          0x08000b85   Thumb Code    18  stm32f4xx_gpio.o(.text)
    GPIO_PinLockConfig                       0x08000b97   Thumb Code    34  stm32f4xx_gpio.o(.text)
    GPIO_ReadInputDataBit                    0x08000bb9   Thumb Code    18  stm32f4xx_gpio.o(.text)
    GPIO_ReadInputData                       0x08000bcb   Thumb Code     8  stm32f4xx_gpio.o(.text)
    GPIO_ReadOutputDataBit                   0x08000bd3   Thumb Code    18  stm32f4xx_gpio.o(.text)
    GPIO_ReadOutputData                      0x08000be5   Thumb Code     8  stm32f4xx_gpio.o(.text)
    GPIO_SetBits                             0x08000bed   Thumb Code     4  stm32f4xx_gpio.o(.text)
    GPIO_ResetBits                           0x08000bf1   Thumb Code     4  stm32f4xx_gpio.o(.text)
    GPIO_WriteBit                            0x08000bf5   Thumb Code    10  stm32f4xx_gpio.o(.text)
    GPIO_Write                               0x08000bff   Thumb Code     4  stm32f4xx_gpio.o(.text)
    GPIO_ToggleBits                          0x08000c03   Thumb Code     8  stm32f4xx_gpio.o(.text)
    GPIO_PinAFConfig                         0x08000c0b   Thumb Code    70  stm32f4xx_gpio.o(.text)
    RCC_DeInit                               0x08000c7d   Thumb Code    82  stm32f4xx_rcc.o(.text)
    RCC_HSEConfig                            0x08000ccf   Thumb Code    14  stm32f4xx_rcc.o(.text)
    RCC_GetFlagStatus                        0x08000cdd   Thumb Code    60  stm32f4xx_rcc.o(.text)
    RCC_WaitForHSEStartUp                    0x08000d19   Thumb Code    56  stm32f4xx_rcc.o(.text)
    RCC_AdjustHSICalibrationValue            0x08000d51   Thumb Code    20  stm32f4xx_rcc.o(.text)
    RCC_HSICmd                               0x08000d65   Thumb Code     6  stm32f4xx_rcc.o(.text)
    RCC_LSEConfig                            0x08000d6b   Thumb Code    46  stm32f4xx_rcc.o(.text)
    RCC_LSICmd                               0x08000d99   Thumb Code     6  stm32f4xx_rcc.o(.text)
    RCC_PLLConfig                            0x08000d9f   Thumb Code    32  stm32f4xx_rcc.o(.text)
    RCC_PLLCmd                               0x08000dbf   Thumb Code     6  stm32f4xx_rcc.o(.text)
    RCC_PLLI2SConfig                         0x08000dc5   Thumb Code    14  stm32f4xx_rcc.o(.text)
    RCC_PLLI2SCmd                            0x08000dd3   Thumb Code     6  stm32f4xx_rcc.o(.text)
    RCC_PLLSAIConfig                         0x08000dd9   Thumb Code    20  stm32f4xx_rcc.o(.text)
    RCC_PLLSAICmd                            0x08000ded   Thumb Code     6  stm32f4xx_rcc.o(.text)
    RCC_ClockSecuritySystemCmd               0x08000df3   Thumb Code     6  stm32f4xx_rcc.o(.text)
    RCC_MCO1Config                           0x08000df9   Thumb Code    28  stm32f4xx_rcc.o(.text)
    RCC_MCO2Config                           0x08000e15   Thumb Code    28  stm32f4xx_rcc.o(.text)
    RCC_SYSCLKConfig                         0x08000e31   Thumb Code    20  stm32f4xx_rcc.o(.text)
    RCC_GetSYSCLKSource                      0x08000e45   Thumb Code    12  stm32f4xx_rcc.o(.text)
    RCC_HCLKConfig                           0x08000e51   Thumb Code    20  stm32f4xx_rcc.o(.text)
    RCC_PCLK1Config                          0x08000e65   Thumb Code    20  stm32f4xx_rcc.o(.text)
    RCC_PCLK2Config                          0x08000e79   Thumb Code    22  stm32f4xx_rcc.o(.text)
    RCC_GetClocksFreq                        0x08000e8f   Thumb Code   222  stm32f4xx_rcc.o(.text)
    RCC_RTCCLKConfig                         0x08000f6d   Thumb Code    54  stm32f4xx_rcc.o(.text)
    RCC_RTCCLKCmd                            0x08000fa3   Thumb Code     8  stm32f4xx_rcc.o(.text)
    RCC_BackupResetCmd                       0x08000fab   Thumb Code     8  stm32f4xx_rcc.o(.text)
    RCC_I2SCLKConfig                         0x08000fb3   Thumb Code     6  stm32f4xx_rcc.o(.text)
    RCC_SAIPLLI2SClkDivConfig                0x08000fb9   Thumb Code    26  stm32f4xx_rcc.o(.text)
    RCC_SAIPLLSAIClkDivConfig                0x08000fd3   Thumb Code    28  stm32f4xx_rcc.o(.text)
    RCC_SAIBlockACLKConfig                   0x08000fef   Thumb Code    20  stm32f4xx_rcc.o(.text)
    RCC_SAIBlockBCLKConfig                   0x08001003   Thumb Code    20  stm32f4xx_rcc.o(.text)
    RCC_LTDCCLKDivConfig                     0x08001017   Thumb Code    20  stm32f4xx_rcc.o(.text)
    RCC_TIMCLKPresConfig                     0x0800102b   Thumb Code     6  stm32f4xx_rcc.o(.text)
    RCC_AHB1PeriphClockCmd                   0x08001031   Thumb Code    34  stm32f4xx_rcc.o(.text)
    RCC_AHB2PeriphClockCmd                   0x08001053   Thumb Code    78  stm32f4xx_rcc.o(.text)
    RCC_AHB3PeriphClockCmd                   0x080010a1   Thumb Code    34  stm32f4xx_rcc.o(.text)
    RCC_APB1PeriphClockCmd                   0x080010c3   Thumb Code    34  stm32f4xx_rcc.o(.text)
    RCC_APB2PeriphClockCmd                   0x080010e5   Thumb Code    34  stm32f4xx_rcc.o(.text)
    RCC_AHB1PeriphResetCmd                   0x08001107   Thumb Code    34  stm32f4xx_rcc.o(.text)
    RCC_AHB2PeriphResetCmd                   0x08001129   Thumb Code    34  stm32f4xx_rcc.o(.text)
    RCC_AHB3PeriphResetCmd                   0x0800114b   Thumb Code    34  stm32f4xx_rcc.o(.text)
    RCC_APB1PeriphResetCmd                   0x0800116d   Thumb Code    34  stm32f4xx_rcc.o(.text)
    RCC_APB2PeriphResetCmd                   0x0800118f   Thumb Code    34  stm32f4xx_rcc.o(.text)
    RCC_AHB1PeriphClockLPModeCmd             0x080011b1   Thumb Code    34  stm32f4xx_rcc.o(.text)
    RCC_AHB2PeriphClockLPModeCmd             0x080011d3   Thumb Code    34  stm32f4xx_rcc.o(.text)
    RCC_AHB3PeriphClockLPModeCmd             0x080011f5   Thumb Code    34  stm32f4xx_rcc.o(.text)
    RCC_APB1PeriphClockLPModeCmd             0x08001217   Thumb Code    34  stm32f4xx_rcc.o(.text)
    RCC_APB2PeriphClockLPModeCmd             0x08001239   Thumb Code    34  stm32f4xx_rcc.o(.text)
    RCC_ITConfig                             0x0800125b   Thumb Code    34  stm32f4xx_rcc.o(.text)
    RCC_ClearFlag                            0x0800127d   Thumb Code    18  stm32f4xx_rcc.o(.text)
    RCC_GetITStatus                          0x0800128f   Thumb Code    22  stm32f4xx_rcc.o(.text)
    RCC_ClearITPendingBit                    0x080012a5   Thumb Code     8  stm32f4xx_rcc.o(.text)
    TIM_DeInit                               0x080012b1   Thumb Code   346  stm32f4xx_tim.o(.text)
    TIM_TimeBaseInit                         0x0800140b   Thumb Code   104  stm32f4xx_tim.o(.text)
    TIM_TimeBaseStructInit                   0x08001473   Thumb Code    18  stm32f4xx_tim.o(.text)
    TIM_PrescalerConfig                      0x08001485   Thumb Code     6  stm32f4xx_tim.o(.text)
    TIM_CounterModeConfig                    0x0800148b   Thumb Code    18  stm32f4xx_tim.o(.text)
    TIM_SetCounter                           0x0800149d   Thumb Code     4  stm32f4xx_tim.o(.text)
    TIM_SetAutoreload                        0x080014a1   Thumb Code     4  stm32f4xx_tim.o(.text)
    TIM_GetCounter                           0x080014a5   Thumb Code     6  stm32f4xx_tim.o(.text)
    TIM_GetPrescaler                         0x080014ab   Thumb Code     6  stm32f4xx_tim.o(.text)
    TIM_UpdateDisableConfig                  0x080014b1   Thumb Code    24  stm32f4xx_tim.o(.text)
    TIM_UpdateRequestConfig                  0x080014c9   Thumb Code    24  stm32f4xx_tim.o(.text)
    TIM_ARRPreloadConfig                     0x080014e1   Thumb Code    24  stm32f4xx_tim.o(.text)
    TIM_SelectOnePulseMode                   0x080014f9   Thumb Code    18  stm32f4xx_tim.o(.text)
    TIM_SetClockDivision                     0x0800150b   Thumb Code    18  stm32f4xx_tim.o(.text)
    TIM_Cmd                                  0x0800151d   Thumb Code    24  stm32f4xx_tim.o(.text)
    TIM_OC1Init                              0x08001535   Thumb Code   114  stm32f4xx_tim.o(.text)
    TIM_OC2Init                              0x080015a7   Thumb Code   154  stm32f4xx_tim.o(.text)
    TIM_OC3Init                              0x08001641   Thumb Code   204  stm32f4xx_tim.o(.text)
    TIM_OC4Init                              0x0800170d   Thumb Code   112  stm32f4xx_tim.o(.text)
    TIM_OCStructInit                         0x0800177d   Thumb Code    20  stm32f4xx_tim.o(.text)
    TIM_SelectOCxM                           0x08001791   Thumb Code    86  stm32f4xx_tim.o(.text)
    TIM_SetCompare1                          0x080017e7   Thumb Code     4  stm32f4xx_tim.o(.text)
    TIM_SetCompare2                          0x080017eb   Thumb Code     4  stm32f4xx_tim.o(.text)
    TIM_SetCompare3                          0x080017ef   Thumb Code     4  stm32f4xx_tim.o(.text)
    TIM_SetCompare4                          0x080017f3   Thumb Code     4  stm32f4xx_tim.o(.text)
    TIM_ForcedOC1Config                      0x080017f7   Thumb Code    18  stm32f4xx_tim.o(.text)
    TIM_ForcedOC2Config                      0x08001809   Thumb Code    26  stm32f4xx_tim.o(.text)
    TIM_ForcedOC3Config                      0x08001823   Thumb Code    18  stm32f4xx_tim.o(.text)
    TIM_ForcedOC4Config                      0x08001835   Thumb Code    26  stm32f4xx_tim.o(.text)
    TIM_OC1PreloadConfig                     0x0800184f   Thumb Code    18  stm32f4xx_tim.o(.text)
    TIM_OC2PreloadConfig                     0x08001861   Thumb Code    26  stm32f4xx_tim.o(.text)
    TIM_OC3PreloadConfig                     0x0800187b   Thumb Code    18  stm32f4xx_tim.o(.text)
    TIM_OC4PreloadConfig                     0x0800188d   Thumb Code    26  stm32f4xx_tim.o(.text)
    TIM_OC1FastConfig                        0x080018a7   Thumb Code    18  stm32f4xx_tim.o(.text)
    TIM_OC2FastConfig                        0x080018b9   Thumb Code    26  stm32f4xx_tim.o(.text)
    TIM_OC3FastConfig                        0x080018d3   Thumb Code    18  stm32f4xx_tim.o(.text)
    TIM_OC4FastConfig                        0x080018e5   Thumb Code    26  stm32f4xx_tim.o(.text)
    TIM_ClearOC1Ref                          0x080018ff   Thumb Code    18  stm32f4xx_tim.o(.text)
    TIM_ClearOC2Ref                          0x08001911   Thumb Code    24  stm32f4xx_tim.o(.text)
    TIM_ClearOC3Ref                          0x08001929   Thumb Code    18  stm32f4xx_tim.o(.text)
    TIM_ClearOC4Ref                          0x0800193b   Thumb Code    24  stm32f4xx_tim.o(.text)
    TIM_OC1PolarityConfig                    0x08001953   Thumb Code    18  stm32f4xx_tim.o(.text)
    TIM_OC1NPolarityConfig                   0x08001965   Thumb Code    18  stm32f4xx_tim.o(.text)
    TIM_OC2PolarityConfig                    0x08001977   Thumb Code    26  stm32f4xx_tim.o(.text)
    TIM_OC2NPolarityConfig                   0x08001991   Thumb Code    26  stm32f4xx_tim.o(.text)
    TIM_OC3PolarityConfig                    0x080019ab   Thumb Code    26  stm32f4xx_tim.o(.text)
    TIM_OC3NPolarityConfig                   0x080019c5   Thumb Code    26  stm32f4xx_tim.o(.text)
    TIM_OC4PolarityConfig                    0x080019df   Thumb Code    26  stm32f4xx_tim.o(.text)
    TIM_CCxCmd                               0x080019f9   Thumb Code    30  stm32f4xx_tim.o(.text)
    TIM_CCxNCmd                              0x08001a17   Thumb Code    30  stm32f4xx_tim.o(.text)
    TIM_SetIC4Prescaler                      0x08001a35   Thumb Code    26  stm32f4xx_tim.o(.text)
    TIM_SetIC3Prescaler                      0x08001a9f   Thumb Code    18  stm32f4xx_tim.o(.text)
    TIM_SetIC2Prescaler                      0x08001af9   Thumb Code    26  stm32f4xx_tim.o(.text)
    TIM_SetIC1Prescaler                      0x08001b6d   Thumb Code    18  stm32f4xx_tim.o(.text)
    TIM_ICInit                               0x08001bb9   Thumb Code   110  stm32f4xx_tim.o(.text)
    TIM_ICStructInit                         0x08001c27   Thumb Code    18  stm32f4xx_tim.o(.text)
    TIM_PWMIConfig                           0x08001c39   Thumb Code   124  stm32f4xx_tim.o(.text)
    TIM_GetCapture1                          0x08001cb5   Thumb Code     6  stm32f4xx_tim.o(.text)
    TIM_GetCapture2                          0x08001cbb   Thumb Code     6  stm32f4xx_tim.o(.text)
    TIM_GetCapture3                          0x08001cc1   Thumb Code     6  stm32f4xx_tim.o(.text)
    TIM_GetCapture4                          0x08001cc7   Thumb Code     6  stm32f4xx_tim.o(.text)
    TIM_BDTRConfig                           0x08001ccd   Thumb Code    32  stm32f4xx_tim.o(.text)
    TIM_BDTRStructInit                       0x08001ced   Thumb Code    18  stm32f4xx_tim.o(.text)
    TIM_CtrlPWMOutputs                       0x08001cff   Thumb Code    30  stm32f4xx_tim.o(.text)
    TIM_SelectCOM                            0x08001d1d   Thumb Code    24  stm32f4xx_tim.o(.text)
    TIM_CCPreloadControl                     0x08001d35   Thumb Code    24  stm32f4xx_tim.o(.text)
    TIM_ITConfig                             0x08001d4d   Thumb Code    18  stm32f4xx_tim.o(.text)
    TIM_GenerateEvent                        0x08001d5f   Thumb Code     4  stm32f4xx_tim.o(.text)
    TIM_GetFlagStatus                        0x08001d63   Thumb Code    18  stm32f4xx_tim.o(.text)
    TIM_ClearFlag                            0x08001d75   Thumb Code     6  stm32f4xx_tim.o(.text)
    TIM_GetITStatus                          0x08001d7b   Thumb Code    34  stm32f4xx_tim.o(.text)
    TIM_ClearITPendingBit                    0x08001d9d   Thumb Code     6  stm32f4xx_tim.o(.text)
    TIM_DMAConfig                            0x08001da3   Thumb Code    10  stm32f4xx_tim.o(.text)
    TIM_DMACmd                               0x08001dad   Thumb Code    18  stm32f4xx_tim.o(.text)
    TIM_SelectCCDMA                          0x08001dbf   Thumb Code    24  stm32f4xx_tim.o(.text)
    TIM_InternalClockConfig                  0x08001dd7   Thumb Code    12  stm32f4xx_tim.o(.text)
    TIM_SelectInputTrigger                   0x08001de3   Thumb Code    18  stm32f4xx_tim.o(.text)
    TIM_ITRxExternalClockConfig              0x08001df5   Thumb Code    24  stm32f4xx_tim.o(.text)
    TIM_TIxExternalClockConfig               0x08001e0d   Thumb Code    62  stm32f4xx_tim.o(.text)
    TIM_ETRConfig                            0x08001e4b   Thumb Code    28  stm32f4xx_tim.o(.text)
    TIM_ETRClockMode1Config                  0x08001e67   Thumb Code    54  stm32f4xx_tim.o(.text)
    TIM_ETRClockMode2Config                  0x08001e9d   Thumb Code    32  stm32f4xx_tim.o(.text)
    TIM_SelectOutputTrigger                  0x08001ebd   Thumb Code    18  stm32f4xx_tim.o(.text)
    TIM_SelectSlaveMode                      0x08001ecf   Thumb Code    18  stm32f4xx_tim.o(.text)
    TIM_SelectMasterSlaveMode                0x08001ee1   Thumb Code    18  stm32f4xx_tim.o(.text)
    TIM_EncoderInterfaceConfig               0x08001ef3   Thumb Code    66  stm32f4xx_tim.o(.text)
    TIM_SelectHallSensor                     0x08001f35   Thumb Code    24  stm32f4xx_tim.o(.text)
    TIM_RemapConfig                          0x08001f4d   Thumb Code     6  stm32f4xx_tim.o(.text)
    NVIC_PriorityGroupConfig                 0x08001f55   Thumb Code    10  misc.o(.text)
    NVIC_Init                                0x08001f5f   Thumb Code   106  misc.o(.text)
    NVIC_SetVectorTable                      0x08001fc9   Thumb Code    14  misc.o(.text)
    NVIC_SystemLPConfig                      0x08001fd7   Thumb Code    34  misc.o(.text)
    SysTick_CLKSourceConfig                  0x08001ff9   Thumb Code    40  misc.o(.text)
    USART_DeInit                             0x08002035   Thumb Code   206  stm32f4xx_usart.o(.text)
    USART_Init                               0x08002103   Thumb Code   204  stm32f4xx_usart.o(.text)
    USART_StructInit                         0x080021cf   Thumb Code    24  stm32f4xx_usart.o(.text)
    USART_ClockInit                          0x080021e7   Thumb Code    32  stm32f4xx_usart.o(.text)
    USART_ClockStructInit                    0x08002207   Thumb Code    12  stm32f4xx_usart.o(.text)
    USART_Cmd                                0x08002213   Thumb Code    24  stm32f4xx_usart.o(.text)
    USART_SetPrescaler                       0x0800222b   Thumb Code    16  stm32f4xx_usart.o(.text)
    USART_OverSampling8Cmd                   0x0800223b   Thumb Code    22  stm32f4xx_usart.o(.text)
    USART_OneBitMethodCmd                    0x08002251   Thumb Code    24  stm32f4xx_usart.o(.text)
    USART_SendData                           0x08002269   Thumb Code     8  stm32f4xx_usart.o(.text)
    USART_ReceiveData                        0x08002271   Thumb Code    10  stm32f4xx_usart.o(.text)
    USART_SetAddress                         0x0800227b   Thumb Code    18  stm32f4xx_usart.o(.text)
    USART_ReceiverWakeUpCmd                  0x0800228d   Thumb Code    24  stm32f4xx_usart.o(.text)
    USART_WakeUpConfig                       0x080022a5   Thumb Code    18  stm32f4xx_usart.o(.text)
    USART_LINBreakDetectLengthConfig         0x080022b7   Thumb Code    18  stm32f4xx_usart.o(.text)
    USART_LINCmd                             0x080022c9   Thumb Code    24  stm32f4xx_usart.o(.text)
    USART_SendBreak                          0x080022e1   Thumb Code    10  stm32f4xx_usart.o(.text)
    USART_HalfDuplexCmd                      0x080022eb   Thumb Code    24  stm32f4xx_usart.o(.text)
    USART_SetGuardTime                       0x08002303   Thumb Code    16  stm32f4xx_usart.o(.text)
    USART_SmartCardCmd                       0x08002313   Thumb Code    24  stm32f4xx_usart.o(.text)
    USART_SmartCardNACKCmd                   0x0800232b   Thumb Code    24  stm32f4xx_usart.o(.text)
    USART_IrDAConfig                         0x08002343   Thumb Code    18  stm32f4xx_usart.o(.text)
    USART_IrDACmd                            0x08002355   Thumb Code    24  stm32f4xx_usart.o(.text)
    USART_DMACmd                             0x0800236d   Thumb Code    18  stm32f4xx_usart.o(.text)
    USART_ITConfig                           0x0800237f   Thumb Code    74  stm32f4xx_usart.o(.text)
    USART_GetFlagStatus                      0x080023c9   Thumb Code    26  stm32f4xx_usart.o(.text)
    USART_ClearFlag                          0x080023e3   Thumb Code    18  stm32f4xx_usart.o(.text)
    USART_GetITStatus                        0x080023f5   Thumb Code   118  stm32f4xx_usart.o(.text)
    USART_ClearITPendingBit                  0x0800246b   Thumb Code    30  stm32f4xx_usart.o(.text)
    Multiply_Matrix                          0x08002489   Thumb Code   162  matrix.o(.text)
    Add_Matrix                               0x0800252b   Thumb Code   114  matrix.o(.text)
    Sub_Matrix                               0x0800259d   Thumb Code   114  matrix.o(.text)
    Multiply_Matrix_Vector                   0x0800260f   Thumb Code   102  matrix.o(.text)
    Divide_Matrix_Vector                     0x08002675   Thumb Code   102  matrix.o(.text)
    Tranpose_Matrix                          0x080026db   Thumb Code    60  matrix.o(.text)
    Clear_Matrix                             0x08002717   Thumb Code    44  matrix.o(.text)
    motorPathPlanning_BASE                   0x0800274d   Thumb Code  1412  controller.o(.text)
    motorPathPlanning_SHOULDER               0x08002cd1   Thumb Code  1512  controller.o(.text)
    motorPathPlanning_ELBOW                  0x080032b9   Thumb Code  1404  controller.o(.text)
    motorPathPlanning_PITCH                  0x08003835   Thumb Code  1442  controller.o(.text)
    motorPathPlanning_ROLL                   0x08003dd7   Thumb Code  1388  controller.o(.text)
    generateControlSignal                    0x08004343   Thumb Code   314  controller.o(.text)
    getUpdateMotorState                      0x0800447d   Thumb Code   110  controller.o(.text)
    controlGripper                           0x080044eb   Thumb Code   184  controller.o(.text)
    motorStrPositionController_BASE          0x080045a3   Thumb Code  2612  controller.o(.text)
    motorStrPositionController_SHOULDER      0x08004fd7   Thumb Code  2678  controller.o(.text)
    motorStrPositionController_ELBOW         0x08005a4d   Thumb Code  2576  controller.o(.text)
    motorStrPositionController_PITCH         0x0800645d   Thumb Code  2582  controller.o(.text)
    motorStrPositionController_ROLL          0x08006e73   Thumb Code  2652  controller.o(.text)
    calculate_ForKin                         0x080078e1   Thumb Code   844  invkin.o(.text)
    update_measuredPosition                  0x08007c2d   Thumb Code   232  invkin.o(.text)
    calculate_InvKin                         0x08007d15   Thumb Code  2946  invkin.o(.text)
    update_desiredPosition                   0x08008897   Thumb Code   136  invkin.o(.text)
    update_holdPosition                      0x0800891f   Thumb Code   132  invkin.o(.text)
    update_manual_desiredPosition            0x080089a3   Thumb Code   112  invkin.o(.text)
    set_HorizontalApproach                   0x08008a13   Thumb Code   388  invkin.o(.text)
    set_UpwardApproach                       0x08008b97   Thumb Code   326  invkin.o(.text)
    LED_DEBUG_Config                         0x08008cdd   Thumb Code    50  configuration.o(.text)
    Interupt_Routine_Config                  0x08008d0f   Thumb Code    94  configuration.o(.text)
    InitializeMotorParam                     0x08008d6d   Thumb Code   178  configuration.o(.text)
    TIM2_ENC_BASE_Config                     0x08008e1f   Thumb Code   142  configuration.o(.text)
    TIM3_ENC_SHLDR_Config                    0x08008ead   Thumb Code    96  configuration.o(.text)
    TIM4_ENC_ELBOW_Config                    0x08008f0d   Thumb Code    96  configuration.o(.text)
    TIM5_ENC_PITCH_Config                    0x08008f6d   Thumb Code    96  configuration.o(.text)
    TIM1_ENC_ROLL_Config                     0x08008fcd   Thumb Code   124  configuration.o(.text)
    TIM9_PWM_BASE_Config                     0x08009049   Thumb Code   308  configuration.o(.text)
    TIM10_TIM11_PWM_SHLDR_Config             0x0800917d   Thumb Code   212  configuration.o(.text)
    TIM13_TIM14_PWM_ELBOW_Config             0x08009251   Thumb Code   210  configuration.o(.text)
    TIM8_PWM_PITCH_ROLL_Config               0x08009323   Thumb Code   262  configuration.o(.text)
    TIM12_GPIO_GRIPPER_Config                0x08009429   Thumb Code   198  configuration.o(.text)
    USART2_Init                              0x080094ef   Thumb Code   214  configuration.o(.text)
    USART_RX_Handler                         0x080095e7   Thumb Code   136  user_uart.o(.text)
    usart_Ctrl_Init                          0x0800966f   Thumb Code    40  user_uart.o(.text)
    usart_Ctrl_Reset                         0x08009697   Thumb Code    32  user_uart.o(.text)
    user_setFlag                             0x080096b7   Thumb Code     8  user_uart.o(.text)
    user_checkFlag                           0x080096bf   Thumb Code    10  user_uart.o(.text)
    parseCommand_DataUSART                   0x080096c9   Thumb Code    96  user_uart.o(.text)
    sendData_USART                           0x08009729   Thumb Code    78  user_uart.o(.text)
    sendDataPackage_USART                    0x08009777   Thumb Code    96  user_uart.o(.text)
    user_clearFlag                           0x080097d7   Thumb Code     8  user_uart.o(.text)
    Util_buildFloat                          0x080097e9   Thumb Code    36  util.o(.text)
    Util_parseFloat                          0x0800980d   Thumb Code    18  util.o(.text)
    Util_bufferFloat                         0x0800981f   Thumb Code    42  util.o(.text)
    Util_buildUint32                         0x08009849   Thumb Code    24  util.o(.text)
    Util_parseUint32                         0x08009861   Thumb Code    18  util.o(.text)
    Util_breakUint32                         0x08009873   Thumb Code    12  util.o(.text)
    Util_bufferUint32                        0x0800987f   Thumb Code    58  util.o(.text)
    DelayInit                                0x080098b9   Thumb Code    56  util.o(.text)
    DelayUs                                  0x080098f1   Thumb Code    38  util.o(.text)
    DelayMs                                  0x08009917   Thumb Code    44  util.o(.text)
    malloc                                   0x08009955   Thumb Code    94  h1_alloc.o(.text)
    free                                     0x080099b3   Thumb Code    78  h1_free.o(.text)
    __aeabi_memcpy                           0x08009a01   Thumb Code     0  rt_memcpy_v6.o(.text)
    __rt_memcpy                              0x08009a01   Thumb Code   138  rt_memcpy_v6.o(.text)
    _memcpy_lastbytes                        0x08009a67   Thumb Code     0  rt_memcpy_v6.o(.text)
    __use_two_region_memory                  0x08009a8b   Thumb Code     2  heapauxi.o(.text)
    __rt_heap_escrow                         0x08009a8d   Thumb Code     2  heapauxi.o(.text)
    __rt_heap_expand                         0x08009a8f   Thumb Code     2  heapauxi.o(.text)
    __rt_heap_descriptor                     0x08009a91   Thumb Code     8  rt_heap_descriptor_intlibspace.o(.text)
    __use_no_heap                            0x08009a99   Thumb Code     2  hguard.o(.text)
    __heap$guard                             0x08009a9b   Thumb Code     2  hguard.o(.text)
    _terminate_user_alloc                    0x08009a9d   Thumb Code     2  init_alloc.o(.text)
    _init_user_alloc                         0x08009a9f   Thumb Code     2  init_alloc.o(.text)
    __Heap_Full                              0x08009aa1   Thumb Code    34  init_alloc.o(.text)
    __Heap_Broken                            0x08009ac3   Thumb Code     6  init_alloc.o(.text)
    _init_alloc                              0x08009ac9   Thumb Code    94  init_alloc.o(.text)
    __Heap_Initialize                        0x08009b27   Thumb Code    10  h1_init.o(.text)
    __Heap_DescSize                          0x08009b31   Thumb Code     4  h1_init.o(.text)
    __read_errno                             0x08009b35   Thumb Code    10  _rserrno.o(.text)
    __set_errno                              0x08009b3f   Thumb Code    12  _rserrno.o(.text)
    __aeabi_memcpy4                          0x08009b4b   Thumb Code     0  rt_memcpy_w.o(.text)
    __aeabi_memcpy8                          0x08009b4b   Thumb Code     0  rt_memcpy_w.o(.text)
    __rt_memcpy_w                            0x08009b4b   Thumb Code   100  rt_memcpy_w.o(.text)
    _memcpy_lastbytes_aligned                0x08009b93   Thumb Code     0  rt_memcpy_w.o(.text)
    __user_libspace                          0x08009bb1   Thumb Code     8  libspace.o(.text)
    __user_perproc_libspace                  0x08009bb1   Thumb Code     0  libspace.o(.text)
    __user_perthread_libspace                0x08009bb1   Thumb Code     0  libspace.o(.text)
    __aeabi_errno_addr                       0x08009bb9   Thumb Code     8  rt_errno_addr_intlibspace.o(.text)
    __errno$intlibspace                      0x08009bb9   Thumb Code     0  rt_errno_addr_intlibspace.o(.text)
    __rt_errno_addr$intlibspace              0x08009bb9   Thumb Code     0  rt_errno_addr_intlibspace.o(.text)
    __Heap_ProvideMemory                     0x08009bc1   Thumb Code    52  h1_extend.o(.text)
    __rt_SIGRTMEM                            0x08009bf5   Thumb Code    14  defsig_rtmem_outer.o(.text)
    __I$use$semihosting                      0x08009c03   Thumb Code     0  use_no_semi.o(.text)
    __use_no_semihosting_swi                 0x08009c03   Thumb Code     2  use_no_semi.o(.text)
    __semihosting_library_function           0x08009c05   Thumb Code     0  indicate_semi.o(.text)
    __user_setup_stackheap                   0x08009c05   Thumb Code    74  sys_stackheap_outer.o(.text)
    exit                                     0x08009c4f   Thumb Code    18  exit.o(.text)
    __sig_exit                               0x08009c61   Thumb Code    10  defsig_exit.o(.text)
    __rt_SIGRTMEM_inner                      0x08009c6d   Thumb Code    22  defsig_rtmem_inner.o(.text)
    _sys_exit                                0x08009cbd   Thumb Code     8  sys_exit.o(.text)
    __default_signal_display                 0x08009cc9   Thumb Code    50  defsig_general.o(.text)
    _ttywrch                                 0x08009cfb   Thumb Code    14  sys_wrch.o(.text)
    __ARM_fpclassify                         0x08009d09   Thumb Code    48  fpclassify.o(i.__ARM_fpclassify)
    __hardfp_acos                            0x08009d39   Thumb Code   738  acos.o(i.__hardfp_acos)
    __hardfp_atan                            0x0800a091   Thumb Code   622  atan.o(i.__hardfp_atan)
    __hardfp_atan2                           0x0800a369   Thumb Code   432  atan2.o(i.__hardfp_atan2)
    __hardfp_cos                             0x0800a559   Thumb Code   180  cos.o(i.__hardfp_cos)
    __hardfp_fabs                            0x0800a621   Thumb Code    20  fabs.o(i.__hardfp_fabs)
    __hardfp_sin                             0x0800a639   Thumb Code   180  sin.o(i.__hardfp_sin)
    __ieee754_rem_pio2                       0x0800a701   Thumb Code   938  rred.o(i.__ieee754_rem_pio2)
    __kernel_cos                             0x0800ab39   Thumb Code   322  cos_i.o(i.__kernel_cos)
    __kernel_poly                            0x0800aca9   Thumb Code   248  poly.o(i.__kernel_poly)
    __kernel_sin                             0x0800ada1   Thumb Code   280  sin_i.o(i.__kernel_sin)
    __mathlib_dbl_infnan                     0x0800aed1   Thumb Code    20  dunder.o(i.__mathlib_dbl_infnan)
    __mathlib_dbl_infnan2                    0x0800aee5   Thumb Code    20  dunder.o(i.__mathlib_dbl_infnan2)
    __mathlib_dbl_invalid                    0x0800aef9   Thumb Code    24  dunder.o(i.__mathlib_dbl_invalid)
    __mathlib_dbl_underflow                  0x0800af19   Thumb Code    24  dunder.o(i.__mathlib_dbl_underflow)
    atan                                     0x0800af39   Thumb Code    16  atan.o(i.atan)
    fabs                                     0x0800af49   Thumb Code    24  fabs.o(i.fabs)
    sqrt                                     0x0800af61   Thumb Code   110  sqrt.o(i.sqrt)
    __aeabi_dneg                             0x0800afcf   Thumb Code     0  basic.o(x$fpl$basic)
    _dneg                                    0x0800afcf   Thumb Code     6  basic.o(x$fpl$basic)
    __aeabi_fneg                             0x0800afd5   Thumb Code     0  basic.o(x$fpl$basic)
    _fneg                                    0x0800afd5   Thumb Code     6  basic.o(x$fpl$basic)
    _dabs                                    0x0800afdb   Thumb Code     6  basic.o(x$fpl$basic)
    _fabs                                    0x0800afe1   Thumb Code     6  basic.o(x$fpl$basic)
    __aeabi_d2f                              0x0800afe9   Thumb Code     0  d2f.o(x$fpl$d2f)
    _d2f                                     0x0800afe9   Thumb Code    98  d2f.o(x$fpl$d2f)
    __aeabi_dadd                             0x0800b04d   Thumb Code     0  daddsub_clz.o(x$fpl$dadd)
    _dadd                                    0x0800b04d   Thumb Code   332  daddsub_clz.o(x$fpl$dadd)
    __fpl_dcmp_Inf                           0x0800b19d   Thumb Code    24  dcmpi.o(x$fpl$dcmpinf)
    __aeabi_ddiv                             0x0800b1b5   Thumb Code     0  ddiv.o(x$fpl$ddiv)
    _ddiv                                    0x0800b1b5   Thumb Code   552  ddiv.o(x$fpl$ddiv)
    __aeabi_cdcmpeq                          0x0800b465   Thumb Code     0  deqf.o(x$fpl$deqf)
    _dcmpeq                                  0x0800b465   Thumb Code   120  deqf.o(x$fpl$deqf)
    __aeabi_d2iz                             0x0800b4dd   Thumb Code     0  dfix.o(x$fpl$dfix)
    _dfix                                    0x0800b4dd   Thumb Code    94  dfix.o(x$fpl$dfix)
    __aeabi_d2uiz                            0x0800b53d   Thumb Code     0  dfixu.o(x$fpl$dfixu)
    _dfixu                                   0x0800b53d   Thumb Code    90  dfixu.o(x$fpl$dfixu)
    __aeabi_i2d                              0x0800b597   Thumb Code     0  dflt_clz.o(x$fpl$dflt)
    _dflt                                    0x0800b597   Thumb Code    46  dflt_clz.o(x$fpl$dflt)
    __aeabi_ui2d                             0x0800b5c5   Thumb Code     0  dflt_clz.o(x$fpl$dfltu)
    _dfltu                                   0x0800b5c5   Thumb Code    38  dflt_clz.o(x$fpl$dfltu)
    __aeabi_cdcmple                          0x0800b5ed   Thumb Code     0  dleqf.o(x$fpl$dleqf)
    _dcmple                                  0x0800b5ed   Thumb Code   120  dleqf.o(x$fpl$dleqf)
    __fpl_dcmple_InfNaN                      0x0800b64f   Thumb Code     0  dleqf.o(x$fpl$dleqf)
    __aeabi_dmul                             0x0800b665   Thumb Code     0  dmul.o(x$fpl$dmul)
    _dmul                                    0x0800b665   Thumb Code   332  dmul.o(x$fpl$dmul)
    __fpl_dnaninf                            0x0800b7b9   Thumb Code   156  dnaninf.o(x$fpl$dnaninf)
    __fpl_dretinf                            0x0800b855   Thumb Code    12  dretinf.o(x$fpl$dretinf)
    __aeabi_cdrcmple                         0x0800b861   Thumb Code     0  drleqf.o(x$fpl$drleqf)
    _drcmple                                 0x0800b861   Thumb Code   108  drleqf.o(x$fpl$drleqf)
    __aeabi_drsub                            0x0800b8cd   Thumb Code     0  daddsub_clz.o(x$fpl$drsb)
    _drsb                                    0x0800b8cd   Thumb Code    22  daddsub_clz.o(x$fpl$drsb)
    _dsqrt                                   0x0800b8e5   Thumb Code   404  dsqrt_umaal.o(x$fpl$dsqrt)
    __aeabi_dsub                             0x0800ba7d   Thumb Code     0  daddsub_clz.o(x$fpl$dsub)
    _dsub                                    0x0800ba7d   Thumb Code   464  daddsub_clz.o(x$fpl$dsub)
    __aeabi_f2d                              0x0800bc51   Thumb Code     0  f2d.o(x$fpl$f2d)
    _f2d                                     0x0800bc51   Thumb Code    86  f2d.o(x$fpl$f2d)
    __fpl_fnaninf                            0x0800bca7   Thumb Code   140  fnaninf.o(x$fpl$fnaninf)
    _fp_init                                 0x0800bd33   Thumb Code    10  fpinit.o(x$fpl$fpinit)
    __fplib_config_fpu_vfp                   0x0800bd3b   Thumb Code     0  fpinit.o(x$fpl$fpinit)
    __fplib_config_pureend_doubles           0x0800bd3b   Thumb Code     0  fpinit.o(x$fpl$fpinit)
    __fpl_fretinf                            0x0800bd3d   Thumb Code    10  fretinf.o(x$fpl$fretinf)
    __I$use$fp                               0x0800bd46   Number         0  usenofp.o(x$fpl$usenofp)
    CRC_8_Table                              0x0800bd55   Data         256  user_uart.o(.constdata)
    __mathlib_zero                           0x0800bf70   Data           8  qnan.o(.constdata)
    Region$$Table$$Base                      0x0800c068   Number         0  anon$$obj.o(Region$$Table)
    Region$$Table$$Limit                     0x0800c088   Number         0  anon$$obj.o(Region$$Table)
    sqr_euclideDistance                      0x20000000   Data           8  main.o(.data)
    VirtAddVarTab                            0x20000008   Data           6  main.o(.data)
    TEST                                     0x2000000e   Data           1  main.o(.data)
    CAL                                      0x2000000f   Data           1  main.o(.data)
    msTicks_Ctrl                             0x20000014   Data           4  stm32f4xx_it.o(.data)
    Int_Cnt                                  0x20000018   Data           4  stm32f4xx_it.o(.data)
    DEBUG                                    0x2000001c   Data           1  stm32f4xx_it.o(.data)
    GRIPPER                                  0x2000001e   Data           6  stm32f4xx_it.o(.data)
    GlobalCommand                            0x20000024   Data           1  stm32f4xx_it.o(.data)
    SystemCoreClock                          0x20000028   Data           4  system_stm32f4xx.o(.data)
    AHBPrescTable                            0x2000002c   Data          16  system_stm32f4xx.o(.data)
    USART_STATUS                             0x200003ba   Data           2  user_uart.o(.data)
    msTicks                                  0x200003c0   Data           4  user_timing.o(.data)
    BASE                                     0x200003c8   Data         104  stm32f4xx_it.o(.bss)
    SHLDR                                    0x20000430   Data         104  stm32f4xx_it.o(.bss)
    ELBOW                                    0x20000498   Data         104  stm32f4xx_it.o(.bss)
    PITCH                                    0x20000500   Data         104  stm32f4xx_it.o(.bss)
    ROLL                                     0x20000568   Data         104  stm32f4xx_it.o(.bss)
    jointSet                                 0x200005d0   Data          20  stm32f4xx_it.o(.bss)
    jointMeasured                            0x200005e4   Data          20  stm32f4xx_it.o(.bss)
    dstPosition                              0x200005f8   Data          48  stm32f4xx_it.o(.bss)
    meaPosition                              0x20000628   Data          48  stm32f4xx_it.o(.bss)
    USART2_Ctrl                              0x20003b50   Data         148  user_uart.o(.bss)
    __libspace_start                         0x20003be4   Data          96  libspace.o(.bss)
    __temporary_stack_top$libspace           0x20003c44   Data           0  libspace.o(.bss)



==============================================================================

Memory Map of the image

  Image Entry point : 0x08000271

  Load Region LR_1 (Base: 0x08000000, Size: 0x0000c44c, Max: 0xffffffff, ABSOLUTE, COMPRESSED[0x0000c0a8])

    Execution Region ER_RO (Base: 0x08000000, Size: 0x0000c088, Max: 0xffffffff, ABSOLUTE)

    Base Addr    Size         Type   Attr      Idx    E Section Name        Object

    0x08000000   0x00000188   Data   RO            3    RESET               startup_stm32f40_41xxx.o
    0x08000188   0x00000008   Code   RO          872  * !!!main             c_w.l(__main.o)
    0x08000190   0x00000034   Code   RO         1250    !!!scatter          c_w.l(__scatter.o)
    0x080001c4   0x0000005a   Code   RO         1248    !!dczerorl2         c_w.l(__dczerorl2.o)
    0x0800021e   0x00000002   PAD
    0x08000220   0x0000001c   Code   RO         1252    !!handler_zi        c_w.l(__scatter_zi.o)
    0x0800023c   0x00000002   Code   RO         1187    .ARM.Collect$$libinit$$00000000  c_w.l(libinit.o)
    0x0800023e   0x00000004   Code   RO          998    .ARM.Collect$$libinit$$00000001  c_w.l(libinit2.o)
    0x08000242   0x00000000   Code   RO         1001    .ARM.Collect$$libinit$$00000004  c_w.l(libinit2.o)
    0x08000242   0x00000008   Code   RO         1002    .ARM.Collect$$libinit$$00000005  c_w.l(libinit2.o)
    0x0800024a   0x00000000   Code   RO         1004    .ARM.Collect$$libinit$$0000000A  c_w.l(libinit2.o)
    0x0800024a   0x00000000   Code   RO         1006    .ARM.Collect$$libinit$$0000000C  c_w.l(libinit2.o)
    0x0800024a   0x00000000   Code   RO         1008    .ARM.Collect$$libinit$$0000000E  c_w.l(libinit2.o)
    0x0800024a   0x00000000   Code   RO         1011    .ARM.Collect$$libinit$$00000011  c_w.l(libinit2.o)
    0x0800024a   0x00000000   Code   RO         1013    .ARM.Collect$$libinit$$00000013  c_w.l(libinit2.o)
    0x0800024a   0x00000000   Code   RO         1015    .ARM.Collect$$libinit$$00000015  c_w.l(libinit2.o)
    0x0800024a   0x00000000   Code   RO         1017    .ARM.Collect$$libinit$$00000017  c_w.l(libinit2.o)
    0x0800024a   0x00000000   Code   RO         1019    .ARM.Collect$$libinit$$00000019  c_w.l(libinit2.o)
    0x0800024a   0x00000000   Code   RO         1021    .ARM.Collect$$libinit$$0000001B  c_w.l(libinit2.o)
    0x0800024a   0x00000000   Code   RO         1023    .ARM.Collect$$libinit$$0000001D  c_w.l(libinit2.o)
    0x0800024a   0x00000000   Code   RO         1025    .ARM.Collect$$libinit$$0000001F  c_w.l(libinit2.o)
    0x0800024a   0x00000000   Code   RO         1027    .ARM.Collect$$libinit$$00000021  c_w.l(libinit2.o)
    0x0800024a   0x00000000   Code   RO         1029    .ARM.Collect$$libinit$$00000023  c_w.l(libinit2.o)
    0x0800024a   0x00000000   Code   RO         1031    .ARM.Collect$$libinit$$00000025  c_w.l(libinit2.o)
    0x0800024a   0x00000000   Code   RO         1035    .ARM.Collect$$libinit$$0000002C  c_w.l(libinit2.o)
    0x0800024a   0x00000000   Code   RO         1037    .ARM.Collect$$libinit$$0000002E  c_w.l(libinit2.o)
    0x0800024a   0x00000000   Code   RO         1039    .ARM.Collect$$libinit$$00000030  c_w.l(libinit2.o)
    0x0800024a   0x00000000   Code   RO         1041    .ARM.Collect$$libinit$$00000032  c_w.l(libinit2.o)
    0x0800024a   0x00000002   Code   RO         1042    .ARM.Collect$$libinit$$00000033  c_w.l(libinit2.o)
    0x0800024c   0x00000002   Code   RO         1245    .ARM.Collect$$libshutdown$$00000000  c_w.l(libshutdown.o)
    0x0800024e   0x00000000   Code   RO         1201    .ARM.Collect$$libshutdown$$00000002  c_w.l(libshutdown2.o)
    0x0800024e   0x00000000   Code   RO         1203    .ARM.Collect$$libshutdown$$00000004  c_w.l(libshutdown2.o)
    0x0800024e   0x00000000   Code   RO         1206    .ARM.Collect$$libshutdown$$00000007  c_w.l(libshutdown2.o)
    0x0800024e   0x00000000   Code   RO         1209    .ARM.Collect$$libshutdown$$0000000A  c_w.l(libshutdown2.o)
    0x0800024e   0x00000000   Code   RO         1211    .ARM.Collect$$libshutdown$$0000000C  c_w.l(libshutdown2.o)
    0x0800024e   0x00000000   Code   RO         1214    .ARM.Collect$$libshutdown$$0000000F  c_w.l(libshutdown2.o)
    0x0800024e   0x00000002   Code   RO         1215    .ARM.Collect$$libshutdown$$00000010  c_w.l(libshutdown2.o)
    0x08000250   0x00000000   Code   RO          966    .ARM.Collect$$rtentry$$00000000  c_w.l(__rtentry.o)
    0x08000250   0x00000000   Code   RO         1117    .ARM.Collect$$rtentry$$00000002  c_w.l(__rtentry2.o)
    0x08000250   0x00000006   Code   RO         1129    .ARM.Collect$$rtentry$$00000004  c_w.l(__rtentry4.o)
    0x08000256   0x00000000   Code   RO         1119    .ARM.Collect$$rtentry$$00000009  c_w.l(__rtentry2.o)
    0x08000256   0x00000004   Code   RO         1120    .ARM.Collect$$rtentry$$0000000A  c_w.l(__rtentry2.o)
    0x0800025a   0x00000000   Code   RO         1122    .ARM.Collect$$rtentry$$0000000C  c_w.l(__rtentry2.o)
    0x0800025a   0x00000008   Code   RO         1123    .ARM.Collect$$rtentry$$0000000D  c_w.l(__rtentry2.o)
    0x08000262   0x00000002   Code   RO         1190    .ARM.Collect$$rtexit$$00000000  c_w.l(rtexit.o)
    0x08000264   0x00000000   Code   RO         1219    .ARM.Collect$$rtexit$$00000002  c_w.l(rtexit2.o)
    0x08000264   0x00000004   Code   RO         1220    .ARM.Collect$$rtexit$$00000003  c_w.l(rtexit2.o)
    0x08000268   0x00000006   Code   RO         1221    .ARM.Collect$$rtexit$$00000004  c_w.l(rtexit2.o)
    0x0800026e   0x00000002   PAD
    0x08000270   0x00000000   Code   RO         1138    .emb_text           c_w.l(maybetermalloc1.o)
    0x08000270   0x00000040   Code   RO            4  * .text               startup_stm32f40_41xxx.o
    0x080002b0   0x000002f8   Code   RO           13    .text               main.o
    0x080005a8   0x00000230   Code   RO          188    .text               stm32f4xx_it.o
    0x080007d8   0x00000210   Code   RO          235    .text               system_stm32f4xx.o
    0x080009e8   0x00000294   Code   RO          265    .text               stm32f4xx_gpio.o
    0x08000c7c   0x00000634   Code   RO          315    .text               stm32f4xx_rcc.o
    0x080012b0   0x00000ca2   Code   RO          341    .text               stm32f4xx_tim.o
    0x08001f52   0x00000002   PAD
    0x08001f54   0x000000e0   Code   RO          365    .text               misc.o
    0x08002034   0x00000454   Code   RO          536    .text               stm32f4xx_usart.o
    0x08002488   0x000002c4   Code   RO          581    .text               matrix.o
    0x0800274c   0x00005194   Code   RO          606    .text               controller.o
    0x080078e0   0x000013fc   Code   RO          640    .text               invkin.o
    0x08008cdc   0x000008e8   Code   RO          671    .text               configuration.o
    0x080095c4   0x00000224   Code   RO          699    .text               user_uart.o
    0x080097e8   0x0000016c   Code   RO          738    .text               util.o
    0x08009954   0x0000005e   Code   RO          810    .text               c_w.l(h1_alloc.o)
    0x080099b2   0x0000004e   Code   RO          812    .text               c_w.l(h1_free.o)
    0x08009a00   0x0000008a   Code   RO          868    .text               c_w.l(rt_memcpy_v6.o)
    0x08009a8a   0x00000006   Code   RO          870    .text               c_w.l(heapauxi.o)
    0x08009a90   0x00000008   Code   RO          970    .text               c_w.l(rt_heap_descriptor_intlibspace.o)
    0x08009a98   0x00000004   Code   RO          972    .text               c_w.l(hguard.o)
    0x08009a9c   0x0000008a   Code   RO          974    .text               c_w.l(init_alloc.o)
    0x08009b26   0x0000000e   Code   RO          978    .text               c_w.l(h1_init.o)
    0x08009b34   0x00000016   Code   RO          992    .text               c_w.l(_rserrno.o)
    0x08009b4a   0x00000064   Code   RO          994    .text               c_w.l(rt_memcpy_w.o)
    0x08009bae   0x00000002   PAD
    0x08009bb0   0x00000008   Code   RO         1113    .text               c_w.l(libspace.o)
    0x08009bb8   0x00000008   Code   RO         1134    .text               c_w.l(rt_errno_addr_intlibspace.o)
    0x08009bc0   0x00000034   Code   RO         1140    .text               c_w.l(h1_extend.o)
    0x08009bf4   0x0000000e   Code   RO         1144    .text               c_w.l(defsig_rtmem_outer.o)
    0x08009c02   0x00000002   Code   RO         1163    .text               c_w.l(use_no_semi.o)
    0x08009c04   0x00000000   Code   RO         1165    .text               c_w.l(indicate_semi.o)
    0x08009c04   0x0000004a   Code   RO         1166    .text               c_w.l(sys_stackheap_outer.o)
    0x08009c4e   0x00000012   Code   RO         1172    .text               c_w.l(exit.o)
    0x08009c60   0x0000000a   Code   RO         1174    .text               c_w.l(defsig_exit.o)
    0x08009c6a   0x00000002   PAD
    0x08009c6c   0x00000050   Code   RO         1176    .text               c_w.l(defsig_rtmem_inner.o)
    0x08009cbc   0x0000000c   Code   RO         1188    .text               c_w.l(sys_exit.o)
    0x08009cc8   0x00000032   Code   RO         1198    .text               c_w.l(defsig_general.o)
    0x08009cfa   0x0000000e   Code   RO         1216    .text               c_w.l(sys_wrch.o)
    0x08009d08   0x00000030   Code   RO         1161    i.__ARM_fpclassify  m_wm.l(fpclassify.o)
    0x08009d38   0x00000358   Code   RO          908    i.__hardfp_acos     m_wm.l(acos.o)
    0x0800a090   0x000002d8   Code   RO         1054    i.__hardfp_atan     m_wm.l(atan.o)
    0x0800a368   0x000001f0   Code   RO          922    i.__hardfp_atan2    m_wm.l(atan2.o)
    0x0800a558   0x000000c8   Code   RO          934    i.__hardfp_cos      m_wm.l(cos.o)
    0x0800a620   0x00000014   Code   RO          946    i.__hardfp_fabs     m_wm.l(fabs.o)
    0x0800a634   0x00000004   PAD
    0x0800a638   0x000000c8   Code   RO          952    i.__hardfp_sin      m_wm.l(sin.o)
    0x0800a700   0x00000438   Code   RO         1088    i.__ieee754_rem_pio2  m_wm.l(rred.o)
    0x0800ab38   0x00000170   Code   RO         1068    i.__kernel_cos      m_wm.l(cos_i.o)
    0x0800aca8   0x000000f8   Code   RO         1085    i.__kernel_poly     m_wm.l(poly.o)
    0x0800ada0   0x00000130   Code   RO         1093    i.__kernel_sin      m_wm.l(sin_i.o)
    0x0800aed0   0x00000014   Code   RO         1072    i.__mathlib_dbl_infnan  m_wm.l(dunder.o)
    0x0800aee4   0x00000014   Code   RO         1073    i.__mathlib_dbl_infnan2  m_wm.l(dunder.o)
    0x0800aef8   0x00000020   Code   RO         1074    i.__mathlib_dbl_invalid  m_wm.l(dunder.o)
    0x0800af18   0x00000020   Code   RO         1077    i.__mathlib_dbl_underflow  m_wm.l(dunder.o)
    0x0800af38   0x00000010   Code   RO         1056    i.atan              m_wm.l(atan.o)
    0x0800af48   0x00000018   Code   RO          948    i.fabs              m_wm.l(fabs.o)
    0x0800af60   0x0000006e   Code   RO         1101    i.sqrt              m_wm.l(sqrt.o)
    0x0800afce   0x00000018   Code   RO          874    x$fpl$basic         fz_wm.l(basic.o)
    0x0800afe6   0x00000002   PAD
    0x0800afe8   0x00000062   Code   RO          876    x$fpl$d2f           fz_wm.l(d2f.o)
    0x0800b04a   0x00000002   PAD
    0x0800b04c   0x00000150   Code   RO          878    x$fpl$dadd          fz_wm.l(daddsub_clz.o)
    0x0800b19c   0x00000018   Code   RO         1043    x$fpl$dcmpinf       fz_wm.l(dcmpi.o)
    0x0800b1b4   0x000002b0   Code   RO          885    x$fpl$ddiv          fz_wm.l(ddiv.o)
    0x0800b464   0x00000078   Code   RO          888    x$fpl$deqf          fz_wm.l(deqf.o)
    0x0800b4dc   0x0000005e   Code   RO         1153    x$fpl$dfix          fz_wm.l(dfix.o)
    0x0800b53a   0x00000002   PAD
    0x0800b53c   0x0000005a   Code   RO          890    x$fpl$dfixu         fz_wm.l(dfixu.o)
    0x0800b596   0x0000002e   Code   RO          895    x$fpl$dflt          fz_wm.l(dflt_clz.o)
    0x0800b5c4   0x00000026   Code   RO          894    x$fpl$dfltu         fz_wm.l(dflt_clz.o)
    0x0800b5ea   0x00000002   PAD
    0x0800b5ec   0x00000078   Code   RO          900    x$fpl$dleqf         fz_wm.l(dleqf.o)
    0x0800b664   0x00000154   Code   RO          902    x$fpl$dmul          fz_wm.l(dmul.o)
    0x0800b7b8   0x0000009c   Code   RO         1045    x$fpl$dnaninf       fz_wm.l(dnaninf.o)
    0x0800b854   0x0000000c   Code   RO         1047    x$fpl$dretinf       fz_wm.l(dretinf.o)
    0x0800b860   0x0000006c   Code   RO          904    x$fpl$drleqf        fz_wm.l(drleqf.o)
    0x0800b8cc   0x00000016   Code   RO          879    x$fpl$drsb          fz_wm.l(daddsub_clz.o)
    0x0800b8e2   0x00000002   PAD
    0x0800b8e4   0x00000198   Code   RO         1157    x$fpl$dsqrt         fz_wm.l(dsqrt_umaal.o)
    0x0800ba7c   0x000001d4   Code   RO          880    x$fpl$dsub          fz_wm.l(daddsub_clz.o)
    0x0800bc50   0x00000056   Code   RO          906    x$fpl$f2d           fz_wm.l(f2d.o)
    0x0800bca6   0x0000008c   Code   RO         1049    x$fpl$fnaninf       fz_wm.l(fnaninf.o)
    0x0800bd32   0x0000000a   Code   RO         1159    x$fpl$fpinit        fz_wm.l(fpinit.o)
    0x0800bd3c   0x0000000a   Code   RO         1051    x$fpl$fretinf       fz_wm.l(fretinf.o)
    0x0800bd46   0x00000000   Code   RO         1053    x$fpl$usenofp       fz_wm.l(usenofp.o)
    0x0800bd46   0x00000002   PAD
    0x0800bd48   0x0000000d   Data   RO           14    .constdata          main.o
    0x0800bd55   0x00000100   Data   RO          701    .constdata          user_uart.o
    0x0800be55   0x00000003   PAD
    0x0800be58   0x00000050   Data   RO          911    .constdata          m_wm.l(acos.o)
    0x0800bea8   0x00000098   Data   RO         1057    .constdata          m_wm.l(atan.o)
    0x0800bf40   0x00000030   Data   RO         1069    .constdata          m_wm.l(cos_i.o)
    0x0800bf70   0x00000008   Data   RO         1087    .constdata          m_wm.l(qnan.o)
    0x0800bf78   0x000000c8   Data   RO         1090    .constdata          m_wm.l(rred.o)
    0x0800c040   0x00000028   Data   RO         1094    .constdata          m_wm.l(sin_i.o)
    0x0800c068   0x00000020   Data   RO         1246    Region$$Table       anon$$obj.o


    Execution Region ER_RW (Base: 0x20000000, Size: 0x000003c4, Max: 0xffffffff, ABSOLUTE, COMPRESSED[0x00000020])

    Base Addr    Size         Type   Attr      Idx    E Section Name        Object

    0x20000000   0x00000011   Data   RW           15    .data               main.o
    0x20000011   0x00000003   PAD
    0x20000014   0x00000011   Data   RW          190    .data               stm32f4xx_it.o
    0x20000025   0x00000003   PAD
    0x20000028   0x00000014   Data   RW          236    .data               system_stm32f4xx.o
    0x2000003c   0x00000010   Data   RW          316    .data               stm32f4xx_rcc.o
    0x2000004c   0x00000004   PAD
    0x20000050   0x00000369   Data   RW          608    .data               controller.o
    0x200003b9   0x00000001   PAD
    0x200003ba   0x00000002   Data   RW          702    .data               user_uart.o
    0x200003bc   0x00000004   Data   RW          739    .data               util.o
    0x200003c0   0x00000004   Data   RW          792    .data               user_timing.o


    Execution Region ER_ZI (Base: 0x200003c4, Size: 0x00003e84, Max: 0xffffffff, ABSOLUTE)

    Base Addr    Size         Type   Attr      Idx    E Section Name        Object

    0x200003c4   0x00000004   PAD
    0x200003c8   0x00000290   Zero   RW          189    .bss                stm32f4xx_it.o
    0x20000658   0x000034f8   Zero   RW          607    .bss                controller.o
    0x20003b50   0x00000094   Zero   RW          700    .bss                user_uart.o
    0x20003be4   0x00000060   Zero   RW         1114    .bss                c_w.l(libspace.o)
    0x20003c44   0x00000004   PAD
    0x20003c48   0x00000200   Zero   RW            2    HEAP                startup_stm32f40_41xxx.o
    0x20003e48   0x00000400   Zero   RW            1    STACK               startup_stm32f40_41xxx.o


==============================================================================

Image component sizes


      Code (inc. data)   RO Data    RW Data    ZI Data      Debug   Object Name

      2280        176          0          0          0       4332   configuration.o
     20884       2090          0        873      13560      14806   controller.o
      5116        186          0          0          0       7576   invkin.o
       760         72         13         17          0     311620   main.o
       708         10          0          0          0       3865   matrix.o
       224         20          0          0          0       1961   misc.o
        64         26        392          0       1536        876   startup_stm32f40_41xxx.o
       660         44          0          0          0     232993   stm32f4xx_gpio.o
       560        138          0         17        656       1678   stm32f4xx_it.o
      1588         52          0         16          0      13062   stm32f4xx_rcc.o
      3234         60          0          0          0      23156   stm32f4xx_tim.o
      1108         34          0          0          0       8024   stm32f4xx_usart.o
       528         46          0         20          0       1891   system_stm32f4xx.o
         0          0          0          4          0        238   user_timing.o
       548         10        256          2        148       5230   user_uart.o
       364         18          0          4          0       3606   util.o

    ----------------------------------------------------------------------
     38628       2982        696        964      15904     634914   Object Totals
         0          0         32          0          0          0   (incl. Generated)
         2          0          3         11          4          0   (incl. Padding)

    ----------------------------------------------------------------------

      Code (inc. data)   RO Data    RW Data    ZI Data      Debug   Library Member Name

        90          0          0          0          0          0   __dczerorl2.o
         8          0          0          0          0         68   __main.o
         0          0          0          0          0          0   __rtentry.o
        12          0          0          0          0          0   __rtentry2.o
         6          0          0          0          0          0   __rtentry4.o
        52          8          0          0          0          0   __scatter.o
        28          0          0          0          0          0   __scatter_zi.o
        22          0          0          0          0        100   _rserrno.o
        10          0          0          0          0         68   defsig_exit.o
        50          0          0          0          0         88   defsig_general.o
        80         58          0          0          0         76   defsig_rtmem_inner.o
        14          0          0          0          0         80   defsig_rtmem_outer.o
        18          0          0          0          0         80   exit.o
        94          0          0          0          0         80   h1_alloc.o
        52          0          0          0          0         68   h1_extend.o
        78          0          0          0          0         80   h1_free.o
        14          0          0          0          0         84   h1_init.o
         6          0          0          0          0        152   heapauxi.o
         4          0          0          0          0        136   hguard.o
         0          0          0          0          0          0   indicate_semi.o
       138          0          0          0          0        168   init_alloc.o
         2          0          0          0          0          0   libinit.o
        14          0          0          0          0          0   libinit2.o
         2          0          0          0          0          0   libshutdown.o
         2          0          0          0          0          0   libshutdown2.o
         8          4          0          0         96         68   libspace.o
         0          0          0          0          0          0   maybetermalloc1.o
         8          4          0          0          0         68   rt_errno_addr_intlibspace.o
         8          4          0          0          0         68   rt_heap_descriptor_intlibspace.o
       138          0          0          0          0         68   rt_memcpy_v6.o
       100          0          0          0          0         80   rt_memcpy_w.o
         2          0          0          0          0          0   rtexit.o
        10          0          0          0          0          0   rtexit2.o
        12          4          0          0          0         68   sys_exit.o
        74          0          0          0          0         80   sys_stackheap_outer.o
        14          0          0          0          0         76   sys_wrch.o
         2          0          0          0          0         68   use_no_semi.o
        24          0          0          0          0        164   basic.o
        98          4          0          0          0        140   d2f.o
       826         16          0          0          0        492   daddsub_clz.o
        24          0          0          0          0        116   dcmpi.o
       688        140          0          0          0        256   ddiv.o
       120          4          0          0          0        140   deqf.o
        94          4          0          0          0        140   dfix.o
        90          4          0          0          0        140   dfixu.o
        84          0          0          0          0        232   dflt_clz.o
       120          4          0          0          0        140   dleqf.o
       340         12          0          0          0        152   dmul.o
       156          4          0          0          0        140   dnaninf.o
        12          0          0          0          0        116   dretinf.o
       108          0          0          0          0        128   drleqf.o
       408         56          0          0          0        168   dsqrt_umaal.o
        86          4          0          0          0        132   f2d.o
       140          4          0          0          0        132   fnaninf.o
        10          0          0          0          0        116   fpinit.o
        10          0          0          0          0        116   fretinf.o
         0          0          0          0          0          0   usenofp.o
       856        118         80          0          0        288   acos.o
       744        106        152          0          0        352   atan.o
       496         64          0          0          0        192   atan2.o
       200         20          0          0          0        164   cos.o
       368         46         48          0          0        200   cos_i.o
       104         16          0          0          0        496   dunder.o
        44          0          0          0          0        248   fabs.o
        48          0          0          0          0        124   fpclassify.o
       248          0          0          0          0        152   poly.o
         0          0          8          0          0          0   qnan.o
      1080        142        200          0          0        188   rred.o
       200         20          0          0          0        164   sin.o
       304         24         40          0          0        208   sin_i.o
       110          0          0          0          0        148   sqrt.o

    ----------------------------------------------------------------------
      9436        894        528          0        100       8056   Library Totals
        24          0          0          0          4          0   (incl. Padding)

    ----------------------------------------------------------------------

      Code (inc. data)   RO Data    RW Data    ZI Data      Debug   Library Name

      1172         82          0          0         96       1972   c_w.l
      3438        256          0          0          0       3160   fz_wm.l
      4802        556        528          0          0       2924   m_wm.l

    ----------------------------------------------------------------------
      9436        894        528          0        100       8056   Library Totals

    ----------------------------------------------------------------------

==============================================================================


      Code (inc. data)   RO Data    RW Data    ZI Data      Debug   

     48064       3876       1224        964      16004     635130   Grand Totals
     48064       3876       1224         32      16004     635130   ELF Image Totals (compressed)
     48064       3876       1224         32          0          0   ROM Totals

==============================================================================

    Total RO  Size (Code + RO Data)                49288 (  48.13kB)
    Total RW  Size (RW Data + ZI Data)             16968 (  16.57kB)
    Total ROM Size (Code + RO Data + RW Data)      49320 (  48.16kB)

==============================================================================

